Archive member included to satisfy reference by file (symbol)

/Applications/ArmGNUToolchain/14.3.rel1/arm-none-eabi/bin/../lib/gcc/arm-none-eabi/14.3.1/thumb/v6-m/nofp/libgcc.a(_dvmd_tls.o)
                              CMakeFiles/picow_ap_class.dir/Users/miki/pico/pico-sdk/src/rp2_common/pico_divider/divider_hardware.S.o (__aeabi_idiv0)
/Applications/ArmGNUToolchain/14.3.rel1/arm-none-eabi/bin/../lib/gcc/arm-none-eabi/14.3.1/../../../../arm-none-eabi/lib/thumb/v6-m/nofp/libg.a(libc_a-atoi.o)
                              CMakeFiles/picow_ap_class.dir/Users/miki/pico/pico-sdk/lib/lwip/src/core/netif.c.o (atoi)
/Applications/ArmGNUToolchain/14.3.rel1/arm-none-eabi/bin/../lib/gcc/arm-none-eabi/14.3.1/../../../../arm-none-eabi/lib/thumb/v6-m/nofp/libg.a(libc_a-calloc.o)
                              CMakeFiles/picow_ap_class.dir/Users/miki/pico/pico-sdk/src/rp2_common/pico_malloc/malloc.c.o (calloc)
/Applications/ArmGNUToolchain/14.3.rel1/arm-none-eabi/bin/../lib/gcc/arm-none-eabi/14.3.1/../../../../arm-none-eabi/lib/thumb/v6-m/nofp/libg.a(libc_a-callocr.o)
                              /Applications/ArmGNUToolchain/14.3.rel1/arm-none-eabi/bin/../lib/gcc/arm-none-eabi/14.3.1/../../../../arm-none-eabi/lib/thumb/v6-m/nofp/libg.a(libc_a-calloc.o) (_calloc_r)
/Applications/ArmGNUToolchain/14.3.rel1/arm-none-eabi/bin/../lib/gcc/arm-none-eabi/14.3.1/../../../../arm-none-eabi/lib/thumb/v6-m/nofp/libg.a(libc_a-malloc.o)
                              CMakeFiles/picow_ap_class.dir/Users/miki/pico/pico-sdk/src/rp2_common/pico_malloc/malloc.c.o (malloc)
/Applications/ArmGNUToolchain/14.3.rel1/arm-none-eabi/bin/../lib/gcc/arm-none-eabi/14.3.1/../../../../arm-none-eabi/lib/thumb/v6-m/nofp/libg.a(libc_a-mallocr.o)
                              /Applications/ArmGNUToolchain/14.3.rel1/arm-none-eabi/bin/../lib/gcc/arm-none-eabi/14.3.1/../../../../arm-none-eabi/lib/thumb/v6-m/nofp/libg.a(libc_a-callocr.o) (_malloc_r)
/Applications/ArmGNUToolchain/14.3.rel1/arm-none-eabi/bin/../lib/gcc/arm-none-eabi/14.3.1/../../../../arm-none-eabi/lib/thumb/v6-m/nofp/libg.a(libc_a-mlock.o)
                              /Applications/ArmGNUToolchain/14.3.rel1/arm-none-eabi/bin/../lib/gcc/arm-none-eabi/14.3.1/../../../../arm-none-eabi/lib/thumb/v6-m/nofp/libg.a(libc_a-mallocr.o) (__malloc_lock)
/Applications/ArmGNUToolchain/14.3.rel1/arm-none-eabi/bin/../lib/gcc/arm-none-eabi/14.3.1/../../../../arm-none-eabi/lib/thumb/v6-m/nofp/libg.a(libc_a-realloc.o)
                              CMakeFiles/picow_ap_class.dir/Users/miki/pico/pico-sdk/src/rp2_common/pico_malloc/malloc.c.o (realloc)
/Applications/ArmGNUToolchain/14.3.rel1/arm-none-eabi/bin/../lib/gcc/arm-none-eabi/14.3.1/../../../../arm-none-eabi/lib/thumb/v6-m/nofp/libg.a(libc_a-perror.o)
                              CMakeFiles/picow_ap_class.dir/localtcp.c.o (perror)
/Applications/ArmGNUToolchain/14.3.rel1/arm-none-eabi/bin/../lib/gcc/arm-none-eabi/14.3.1/../../../../arm-none-eabi/lib/thumb/v6-m/nofp/libg.a(libc_a-reallocr.o)
                              /Applications/ArmGNUToolchain/14.3.rel1/arm-none-eabi/bin/../lib/gcc/arm-none-eabi/14.3.1/../../../../arm-none-eabi/lib/thumb/v6-m/nofp/libg.a(libc_a-realloc.o) (_realloc_r)
/Applications/ArmGNUToolchain/14.3.rel1/arm-none-eabi/bin/../lib/gcc/arm-none-eabi/14.3.1/../../../../arm-none-eabi/lib/thumb/v6-m/nofp/libg.a(libc_a-strtol.o)
                              /Applications/ArmGNUToolchain/14.3.rel1/arm-none-eabi/bin/../lib/gcc/arm-none-eabi/14.3.1/../../../../arm-none-eabi/lib/thumb/v6-m/nofp/libg.a(libc_a-atoi.o) (_strtol_r)
/Applications/ArmGNUToolchain/14.3.rel1/arm-none-eabi/bin/../lib/gcc/arm-none-eabi/14.3.1/../../../../arm-none-eabi/lib/thumb/v6-m/nofp/libg.a(libc_a-fflush.o)
                              /Applications/ArmGNUToolchain/14.3.rel1/arm-none-eabi/bin/../lib/gcc/arm-none-eabi/14.3.1/../../../../arm-none-eabi/lib/thumb/v6-m/nofp/libg.a(libc_a-perror.o) (_fflush_r)
/Applications/ArmGNUToolchain/14.3.rel1/arm-none-eabi/bin/../lib/gcc/arm-none-eabi/14.3.1/../../../../arm-none-eabi/lib/thumb/v6-m/nofp/libg.a(libc_a-fileno.o)
                              /Applications/ArmGNUToolchain/14.3.rel1/arm-none-eabi/bin/../lib/gcc/arm-none-eabi/14.3.1/../../../../arm-none-eabi/lib/thumb/v6-m/nofp/libg.a(libc_a-perror.o) (fileno)
/Applications/ArmGNUToolchain/14.3.rel1/arm-none-eabi/bin/../lib/gcc/arm-none-eabi/14.3.1/../../../../arm-none-eabi/lib/thumb/v6-m/nofp/libg.a(libc_a-findfp.o)
                              /Applications/ArmGNUToolchain/14.3.rel1/arm-none-eabi/bin/../lib/gcc/arm-none-eabi/14.3.1/../../../../arm-none-eabi/lib/thumb/v6-m/nofp/libg.a(libc_a-fflush.o) (__sglue)
/Applications/ArmGNUToolchain/14.3.rel1/arm-none-eabi/bin/../lib/gcc/arm-none-eabi/14.3.1/../../../../arm-none-eabi/lib/thumb/v6-m/nofp/libg.a(libc_a-memcmp.o)
                              CMakeFiles/picow_ap_class.dir/dhcpserver/dhcpserver.c.o (memcmp)
[...]
Memory Configuration

Name             Origin             Length             Attributes
FLASH            0x10000000         0x00200000         xr
RAM              0x20000000         0x00040000         xrw
SCRATCH_X        0x20040000         0x00001000         xrw
SCRATCH_Y        0x20041000         0x00001000         xrw
*default*        0x00000000         0xffffffff

Linker script and memory map

LOAD /Applications/ArmGNUToolchain/14.3.rel1/arm-none-eabi/bin/../lib/gcc/arm-none-eabi/14.3.1/thumb/v6-m/nofp/crti.o
LOAD /Applications/ArmGNUToolchain/14.3.rel1/arm-none-eabi/bin/../lib/gcc/arm-none-eabi/14.3.1/thumb/v6-m/nofp/crtbegin.o
LOAD /Applications/ArmGNUToolchain/14.3.rel1/arm-none-eabi/bin/../lib/gcc/arm-none-eabi/14.3.1/../../../../arm-none-eabi/lib/thumb/v6-m/nofp/crt0.o

.flash_begin    0x10000000        0x0
                0x10000000                        __flash_binary_start = .

.boot2          0x10000000      0x100
                0x10000000                        __boot2_start__ = .
 *(.boot2)
 .boot2         0x10000000      0x100 pico-sdk/src/rp2040/boot_stage2/CMakeFiles/bs2_default_library.dir/bs2_default_padded_checksummed.S.o
                0x10000100                        __boot2_end__ = .
                0x00000001                        ASSERT (((__boot2_end__ - __boot2_start__) == 0x100), ERROR: Pico second stage bootloader must be 256 bytes in size)

.text           0x10000100    0x180fc
                0x10000100                        __logical_binary_start = .
 *(.vectors)
 .vectors       0x10000100       0xd4 CMakeFiles/picow_ap_class.dir/Users/miki/pico/pico-sdk/src/rp2_common/pico_crt0/crt0.S.o
                0x10000100                __VECTOR_TABLE
                0x10000100                __vectors
                0x100001c0                __default_isrs_start
                0x100001c0                isr_invalid
                0x100001c2                isr_nmi
                0x100001c4                isr_hardfault
                0x100001c6                isr_svcall
                0x100001c8                isr_pendsv
                0x100001ca                isr_systick
                0x100001cc                isr_irq28
                0x100001cc                isr_irq19
                0x100001cc                isr_irq0
                0x100001cc                isr_irq6
                0x100001cc                isr_irq22
                0x100001cc                isr_irq17
                0x100001cc                isr_irq14
                0x100001cc                isr_irq2
                0x100001cc                isr_irq10
                0x100001cc                isr_irq8
                0x100001cc                isr_irq24
                0x100001cc                isr_irq1
                0x100001cc                isr_irq7
                0x100001cc                isr_irq21
                0x100001cc                isr_irq20
                0x100001cc                isr_irq15
                0x100001cc                isr_irq25
                0x100001cc                isr_irq4
                0x100001cc                isr_irq16
                0x100001cc                isr_irq29
                0x100001cc                isr_irq26
                0x100001cc                __default_isrs_end
                0x100001cc                isr_irq3
                0x100001cc                isr_irq9
                0x100001cc                __unhandled_user_irq
                0x100001cc                isr_irq13
                0x100001cc                isr_irq27
                0x100001cc                isr_irq31
                0x100001cc                isr_irq5
                0x100001cc                isr_irq11
                0x100001cc                isr_irq23
                0x100001cc                isr_irq18
                0x100001cc                isr_irq30
                0x100001cc                isr_irq12
                0x100001d2                unhandled_user_irq_num_in_r0
 *(.binary_info_header)
 .binary_info_header
                0x100001d4       0x14 CMakeFiles/picow_ap_class.dir/Users/miki/pico/pico-sdk/src/rp2_common/pico_crt0/crt0.S.o
                0x100001e8                        __binary_info_header_end = .
 *(.embedded_block)
                0x100001e8                        __embedded_block_end = .
 *(.reset)
 .reset         0x100001e8       0x9c CMakeFiles/picow_ap_class.dir/Users/miki/pico/pico-sdk/src/rp2_common/pico_crt0/crt0.S.o
                0x100001e8                _entry_point
 *(.init)
 .init          0x10000284        0x4 /Applications/ArmGNUToolchain/14.3.rel1/arm-none-eabi/bin/../lib/gcc/arm-none-eabi/14.3.1/thumb/v6-m/nofp/crti.o
                0x10000284                _init
 *(EXCLUDE_FILE(*libm.a: *libc.a:*lib_a-mem*.o *libgcc.a:) .text*)
 .text.register_tm_clones
                0x10000288       0x28 /Applications/ArmGNUToolchain/14.3.rel1/arm-none-eabi/bin/../lib/gcc/arm-none-eabi/14.3.1/thumb/v6-m/nofp/crtbegin.o
 .text.frame_dummy
                0x100002b0       0x24 /Applications/ArmGNUToolchain/14.3.rel1/arm-none-eabi/bin/../lib/gcc/arm-none-eabi/14.3.1/thumb/v6-m/nofp/crtbegin.o
 .text.res      0x100002d4       0x3c CMakeFiles/picow_ap_class.dir/main.c.o
                0x100002d4                res
 .text.startup.main
                0x10000310       0x48 CMakeFiles/picow_ap_class.dir/main.c.o
                0x10000310                main
 .text.tcp_server_sent
                0x10000358       0x20 CMakeFiles/picow_ap_class.dir/localtcp.c.o
 .text.tcp_server_accept
                0x10000378       0xa0 CMakeFiles/picow_ap_class.dir/localtcp.c.o
                0x10000378                tcp_server_accept
 .text.tcp_close_client_connection.part.0
                0x10000418       0x80 CMakeFiles/picow_ap_class.dir/localtcp.c.o
 .text.tcp_server_recv
                0x10000498       0xd8 CMakeFiles/picow_ap_class.dir/localtcp.c.o
                0x10000498                tcp_server_recv
 .text.tcp_server_err
                0x10000570       0x28 CMakeFiles/picow_ap_class.dir/localtcp.c.o
 .text.tcp_server_poll
                0x10000598       0x7c CMakeFiles/picow_ap_class.dir/localtcp.c.o
 .text.tcp_server_open
                0x10000614       0x98 CMakeFiles/picow_ap_class.dir/localtcp.c.o
                0x10000614                tcp_server_open
 .text.tcp_initial
                0x100006ac       0xa8 CMakeFiles/picow_ap_class.dir/localtcp.c.o
                0x100006ac                tcp_initial
 .text.tcp_open
                0x10000754       0x60 CMakeFiles/picow_ap_class.dir/localtcp.c.o
                0x10000754                tcp_open
 .text.tcp_shut
                0x100007b4       0x38 CMakeFiles/picow_ap_class.dir/localtcp.c.o
                0x100007b4                tcp_shut
 .text.dhcp_server_process
                0x100007ec      0x654 CMakeFiles/picow_ap_class.dir/dhcpserver/dhcpserver.c.o
 .text.dhcp_server_init
                0x10000e40       0x3c CMakeFiles/picow_ap_class.dir/dhcpserver/dhcpserver.c.o
                0x10000e40                dhcp_server_init
 .text.dhcp_server_deinit
                0x10000e7c       0x14 CMakeFiles/picow_ap_class.dir/dhcpserver/dhcpserver.c.o
                0x10000e7c                dhcp_server_deinit
 .text.dns_server_process
                0x10000e90      0x144 CMakeFiles/picow_ap_class.dir/dnsserver/dnsserver.c.o
 .text.dns_server_init
                0x10000fd4       0x48 CMakeFiles/picow_ap_class.dir/dnsserver/dnsserver.c.o
                0x10000fd4                dns_server_init
 .text.dns_server_deinit
                0x1000101c       0x14 CMakeFiles/picow_ap_class.dir/dnsserver/dnsserver.c.o
                0x1000101c                dns_server_deinit
 .text.gpio_set_function
                0x10001030       0x34 CMakeFiles/picow_ap_class.dir/Users/miki/pico/pico-sdk/src/rp2_common/hardware_gpio/gpio.c.o
                0x10001030                gpio_set_function
 .text.gpio_set_pulls
                0x10001064       0x28 CMakeFiles/picow_ap_class.dir/Users/miki/pico/pico-sdk/src/rp2_common/hardware_gpio/gpio.c.o
                0x10001064                gpio_set_pulls
 .text.gpio_set_input_hysteresis_enabled
                0x1000108c       0x28 CMakeFiles/picow_ap_class.dir/Users/miki/pico/pico-sdk/src/rp2_common/hardware_gpio/gpio.c.o
                0x1000108c                gpio_set_input_hysteresis_enabled
 .text.gpio_set_irq_enabled
                0x100010b4       0x58 CMakeFiles/picow_ap_class.dir/Users/miki/pico/pico-sdk/src/rp2_common/hardware_gpio/gpio.c.o
                0x100010b4                gpio_set_irq_enabled
 .text.gpio_add_raw_irq_handler_with_order_priority_masked
                0x1000110c       0x44 CMakeFiles/picow_ap_class.dir/Users/miki/pico/pico-sdk/src/rp2_common/hardware_gpio/gpio.c.o
                0x1000110c                gpio_add_raw_irq_handler_with_order_priority_masked
 .text.gpio_remove_raw_irq_handler_masked
                0x10001150       0x20 CMakeFiles/picow_ap_class.dir/Users/miki/pico/pico-sdk/src/rp2_common/hardware_gpio/gpio.c.o
                0x10001150                gpio_remove_raw_irq_handler_masked
 .text.gpio_init
                0x10001170       0x40 CMakeFiles/picow_ap_class.dir/Users/miki/pico/pico-sdk/src/rp2_common/hardware_gpio/gpio.c.o
                0x10001170                gpio_init
 .text.rp2040_chip_version
                0x100011b0        0xc CMakeFiles/picow_ap_class.dir/Users/miki/pico/pico-sdk/src/rp2040/pico_platform/platform.c.o
                0x100011b0                rp2040_chip_version
 .text.panic    0x100011bc       0x30 CMakeFiles/picow_ap_class.dir/Users/miki/pico/pico-sdk/src/rp2_common/pico_platform_panic/panic.c.o
                0x100011bc                panic
 .text.hw_claim_lock
                0x100011ec       0x18 CMakeFiles/picow_ap_class.dir/Users/miki/pico/pico-sdk/src/common/hardware_claim/claim.c.o
                0x100011ec                hw_claim_lock
 .text.hw_claim_unlock
                0x10001204       0x14 CMakeFiles/picow_ap_class.dir/Users/miki/pico/pico-sdk/src/common/hardware_claim/claim.c.o
                0x10001204                hw_claim_unlock
 .text.hw_claim_or_assert
                0x10001218       0x44 CMakeFiles/picow_ap_class.dir/Users/miki/pico/pico-sdk/src/common/hardware_claim/claim.c.o
                0x10001218                hw_claim_or_assert
 .text.hw_claim_unused_from_range
                0x1000125c       0x88 CMakeFiles/picow_ap_class.dir/Users/miki/pico/pico-sdk/src/common/hardware_claim/claim.c.o
                0x1000125c                hw_claim_unused_from_range
 .text.hw_claim_clear
                0x100012e4       0x38 CMakeFiles/picow_ap_class.dir/Users/miki/pico/pico-sdk/src/common/hardware_claim/claim.c.o
                0x100012e4                hw_claim_clear
 .text.next_striped_spin_lock_num
                0x1000131c       0x18 CMakeFiles/picow_ap_class.dir/Users/miki/pico/pico-sdk/src/rp2_common/hardware_sync/sync.c.o
                0x1000131c                next_striped_spin_lock_num
 .text.spin_lock_claim_unused
                0x10001334       0x24 CMakeFiles/picow_ap_class.dir/Users/miki/pico/pico-sdk/src/rp2_common/hardware_sync/sync.c.o
                0x10001334                spin_lock_claim_unused
 .text.spin_locks_reset
                0x10001358       0x1c CMakeFiles/picow_ap_class.dir/Users/miki/pico/pico-sdk/src/rp2_common/hardware_sync_spin_lock/sync_spin_lock.c.o
                0x10001358                spin_locks_reset
 .text.runtime_init_per_core_irq_priorities
                0x10001374       0x24 CMakeFiles/picow_ap_class.dir/Users/miki/pico/pico-sdk/src/rp2_common/hardware_irq/irq.c.o
                0x10001374                runtime_init_per_core_irq_priorities
 .text.irq_set_enabled
                0x10001398       0x24 CMakeFiles/picow_ap_class.dir/Users/miki/pico/pico-sdk/src/rp2_common/hardware_irq/irq.c.o
                0x10001398                irq_set_enabled
 .text.irq_is_enabled
                0x100013bc       0x18 CMakeFiles/picow_ap_class.dir/Users/miki/pico/pico-sdk/src/rp2_common/hardware_irq/irq.c.o
                0x100013bc                irq_is_enabled
 .text.irq_set_pending
                0x100013d4       0x10 CMakeFiles/picow_ap_class.dir/Users/miki/pico/pico-sdk/src/rp2_common/hardware_irq/irq.c.o
                0x100013d4                irq_set_pending
 .text.irq_has_shared_handler
                0x100013e4       0x24 CMakeFiles/picow_ap_class.dir/Users/miki/pico/pico-sdk/src/rp2_common/hardware_irq/irq.c.o
                0x100013e4                irq_has_shared_handler
 .text.irq_set_exclusive_handler
                0x10001408       0x54 CMakeFiles/picow_ap_class.dir/Users/miki/pico/pico-sdk/src/rp2_common/hardware_irq/irq.c.o
                0x10001408                irq_set_exclusive_handler
 .text.irq_add_shared_handler
                0x1000145c      0x1f4 CMakeFiles/picow_ap_class.dir/Users/miki/pico/pico-sdk/src/rp2_common/hardware_irq/irq.c.o
                0x1000145c                irq_add_shared_handler
 .text.irq_remove_handler
                0x10001650      0x1d4 CMakeFiles/picow_ap_class.dir/Users/miki/pico/pico-sdk/src/rp2_common/hardware_irq/irq.c.o
                0x10001650                irq_remove_handler
 .text.irq_set_priority
                0x10001824       0x28 CMakeFiles/picow_ap_class.dir/Users/miki/pico/pico-sdk/src/rp2_common/hardware_irq/irq.c.o
                0x10001824                irq_set_priority
 .text.irq_add_tail_to_free_list
                0x1000184c       0xb4 CMakeFiles/picow_ap_class.dir/Users/miki/pico/pico-sdk/src/rp2_common/hardware_irq/irq.c.o
                0x1000184c                irq_add_tail_to_free_list
 .text.user_irq_unclaim
                0x10001900       0x14 CMakeFiles/picow_ap_class.dir/Users/miki/pico/pico-sdk/src/rp2_common/hardware_irq/irq.c.o
                0x10001900                user_irq_unclaim
 .text.user_irq_claim_unused
                0x10001914       0x2c CMakeFiles/picow_ap_class.dir/Users/miki/pico/pico-sdk/src/rp2_common/hardware_irq/irq.c.o
                0x10001914                user_irq_claim_unused
 .text.sem_init
                0x10001940       0x20 CMakeFiles/picow_ap_class.dir/Users/miki/pico/pico-sdk/src/common/pico_sync/sem.c.o
                0x10001940                sem_init
 .text.lock_init
                0x10001960       0x10 CMakeFiles/picow_ap_class.dir/Users/miki/pico/pico-sdk/src/common/pico_sync/lock_core.c.o
                0x10001960                lock_init
 .text.runtime_init_mutex
                0x10001970       0x50 CMakeFiles/picow_ap_class.dir/Users/miki/pico/pico-sdk/src/common/pico_sync/mutex.c.o
                0x10001970                runtime_init_mutex
 .text.mutex_init
                0x100019c0       0x1c CMakeFiles/picow_ap_class.dir/Users/miki/pico/pico-sdk/src/common/pico_sync/mutex.c.o
                0x100019c0                mutex_init
 .text.recursive_mutex_init
                0x100019dc       0x1c CMakeFiles/picow_ap_class.dir/Users/miki/pico/pico-sdk/src/common/pico_sync/mutex.c.o
                0x100019dc                recursive_mutex_init
 .text.critical_section_init
                0x100019f8       0x1c CMakeFiles/picow_ap_class.dir/Users/miki/pico/pico-sdk/src/common/pico_sync/critical_section.c.o
                0x100019f8                critical_section_init
 .text.critical_section_init_with_lock_num
                0x10001a14       0x14 CMakeFiles/picow_ap_class.dir/Users/miki/pico/pico-sdk/src/common/pico_sync/critical_section.c.o
                0x10001a14                critical_section_init_with_lock_num
 .text.sleep_until_callback
                0x10001a28       0x30 CMakeFiles/picow_ap_class.dir/Users/miki/pico/pico-sdk/src/common/pico_time/time.c.o
 .text.alarm_pool_irq_handler
                0x10001a58      0x2f8 CMakeFiles/picow_ap_class.dir/Users/miki/pico/pico-sdk/src/common/pico_time/time.c.o
 .text.runtime_init_default_alarm_pool
                0x10001d50       0xdc CMakeFiles/picow_ap_class.dir/Users/miki/pico/pico-sdk/src/common/pico_time/time.c.o
                0x10001d50                runtime_init_default_alarm_pool
 .text.alarm_pool_get_default
                0x10001e2c        0x8 CMakeFiles/picow_ap_class.dir/Users/miki/pico/pico-sdk/src/common/pico_time/time.c.o
                0x10001e2c                alarm_pool_get_default
 .text.alarm_pool_add_alarm_at
                0x10001e34       0xd0 CMakeFiles/picow_ap_class.dir/Users/miki/pico/pico-sdk/src/common/pico_time/time.c.o
                0x10001e34                alarm_pool_add_alarm_at
 .text.alarm_pool_add_alarm_at_force_in_context
                0x10001f04       0xb0 CMakeFiles/picow_ap_class.dir/Users/miki/pico/pico-sdk/src/common/pico_time/time.c.o
                0x10001f04                alarm_pool_add_alarm_at_force_in_context
 .text.alarm_pool_cancel_alarm
                0x10001fb4       0x74 CMakeFiles/picow_ap_class.dir/Users/miki/pico/pico-sdk/src/common/pico_time/time.c.o
                0x10001fb4                alarm_pool_cancel_alarm
 .text.alarm_pool_core_num
                0x10002028        0x4 CMakeFiles/picow_ap_class.dir/Users/miki/pico/pico-sdk/src/common/pico_time/time.c.o
                0x10002028                alarm_pool_core_num
 .text.sleep_until
                0x1000202c       0xd0 CMakeFiles/picow_ap_class.dir/Users/miki/pico/pico-sdk/src/common/pico_time/time.c.o
                0x1000202c                sleep_until
 .text.sleep_ms
                0x100020fc       0xfc CMakeFiles/picow_ap_class.dir/Users/miki/pico/pico-sdk/src/common/pico_time/time.c.o
                0x100020fc                sleep_ms
 .text.best_effort_wfe_or_timeout
                0x100021f8      0x10c CMakeFiles/picow_ap_class.dir/Users/miki/pico/pico-sdk/src/common/pico_time/time.c.o
                0x100021f8                best_effort_wfe_or_timeout
 .text.timer_hardware_alarm_claim
                0x10002304       0x14 CMakeFiles/picow_ap_class.dir/Users/miki/pico/pico-sdk/src/rp2_common/hardware_timer/timer.c.o
                0x10002304                timer_hardware_alarm_claim
 .text.timer_time_us_64
                0x10002318       0x10 CMakeFiles/picow_ap_class.dir/Users/miki/pico/pico-sdk/src/rp2_common/hardware_timer/timer.c.o
                0x10002318                timer_time_us_64
 .text.time_us_64
                0x10002328       0x14 CMakeFiles/picow_ap_class.dir/Users/miki/pico/pico-sdk/src/rp2_common/hardware_timer/timer.c.o
                0x10002328                time_us_64
 .text.busy_wait_us
                0x1000233c       0x68 CMakeFiles/picow_ap_class.dir/Users/miki/pico/pico-sdk/src/rp2_common/hardware_timer/timer.c.o
                0x1000233c                busy_wait_us
 .text.busy_wait_until
                0x100023a4       0x20 CMakeFiles/picow_ap_class.dir/Users/miki/pico/pico-sdk/src/rp2_common/hardware_timer/timer.c.o
                0x100023a4                busy_wait_until
 .text.clock_configure_int_divider
                0x100023c4       0xf4 CMakeFiles/picow_ap_class.dir/Users/miki/pico/pico-sdk/src/rp2_common/hardware_clocks/clocks.c.o
                0x100023c4                clock_configure_int_divider
 .text.clock_configure_undivided
                0x100024b8       0xe8 CMakeFiles/picow_ap_class.dir/Users/miki/pico/pico-sdk/src/rp2_common/hardware_clocks/clocks.c.o
                0x100024b8                clock_configure_undivided
 .text.clock_get_hz
                0x100025a0        0xc CMakeFiles/picow_ap_class.dir/Users/miki/pico/pico-sdk/src/rp2_common/hardware_clocks/clocks.c.o
                0x100025a0                clock_get_hz
 .text.pll_init
                0x100025ac       0xa4 CMakeFiles/picow_ap_class.dir/Users/miki/pico/pico-sdk/src/rp2_common/hardware_pll/pll.c.o
                0x100025ac                pll_init
 .text.watchdog_reboot
                0x10002650       0x9c CMakeFiles/picow_ap_class.dir/Users/miki/pico/pico-sdk/src/rp2_common/hardware_watchdog/watchdog.c.o
                0x10002650                watchdog_reboot
 .text.tick_start
                0x100026ec       0x10 CMakeFiles/picow_ap_class.dir/Users/miki/pico/pico-sdk/src/rp2_common/hardware_ticks/ticks.c.o
                0x100026ec                tick_start
 .text.rom_func_lookup
                0x100026fc       0x10 CMakeFiles/picow_ap_class.dir/Users/miki/pico/pico-sdk/src/rp2_common/pico_bootrom/bootrom.c.o
                0x100026fc                rom_func_lookup
 .text.rom_data_lookup
                0x1000270c       0x10 CMakeFiles/picow_ap_class.dir/Users/miki/pico/pico-sdk/src/rp2_common/pico_bootrom/bootrom.c.o
                0x1000270c                rom_data_lookup
 .text.rom_funcs_lookup
                0x1000271c       0x44 CMakeFiles/picow_ap_class.dir/Users/miki/pico/pico-sdk/src/rp2_common/pico_bootrom/bootrom.c.o
                0x1000271c                rom_funcs_lookup
 .text.rom_reset_usb_boot_extra
                0x10002760       0x24 CMakeFiles/picow_ap_class.dir/Users/miki/pico/pico-sdk/src/rp2_common/pico_bootrom/bootrom.c.o
                0x10002760                rom_reset_usb_boot_extra
 .text.xosc_init
                0x10002784       0x28 CMakeFiles/picow_ap_class.dir/Users/miki/pico/pico-sdk/src/rp2_common/hardware_xosc/xosc.c.o
                0x10002784                xosc_init
 .text.first_per_core_initializer
                0x100027ac        0x4 CMakeFiles/picow_ap_class.dir/Users/miki/pico/pico-sdk/src/rp2_common/pico_runtime/runtime.c.o
 .text.hard_assertion_failure
                0x100027b0        0xc CMakeFiles/picow_ap_class.dir/Users/miki/pico/pico-sdk/src/rp2_common/pico_runtime/runtime.c.o
                0x100027b0                hard_assertion_failure
 .text.runtime_run_initializers
                0x100027bc       0x28 CMakeFiles/picow_ap_class.dir/Users/miki/pico/pico-sdk/src/rp2_common/pico_runtime/runtime.c.o
                0x100027bc                runtime_run_initializers
 .text.runtime_init_early_resets
                0x100027e4       0x2c CMakeFiles/picow_ap_class.dir/Users/miki/pico/pico-sdk/src/rp2_common/pico_runtime_init/runtime_init.c.o
                0x100027e4                runtime_init_early_resets
 .text.runtime_init_usb_power_down
                0x10002810       0x1c CMakeFiles/picow_ap_class.dir/Users/miki/pico/pico-sdk/src/rp2_common/pico_runtime_init/runtime_init.c.o
                0x10002810                runtime_init_usb_power_down
 .text.runtime_init_post_clock_resets
                0x1000282c       0x20 CMakeFiles/picow_ap_class.dir/Users/miki/pico/pico-sdk/src/rp2_common/pico_runtime_init/runtime_init.c.o
                0x1000282c                runtime_init_post_clock_resets
 .text.runtime_init_rp2040_gpio_ie_disable
                0x1000284c       0x14 CMakeFiles/picow_ap_class.dir/Users/miki/pico/pico-sdk/src/rp2_common/pico_runtime_init/runtime_init.c.o
                0x1000284c                runtime_init_rp2040_gpio_ie_disable
 .text.runtime_init_spin_locks_reset
                0x10002860        0x8 CMakeFiles/picow_ap_class.dir/Users/miki/pico/pico-sdk/src/rp2_common/pico_runtime_init/runtime_init.c.o
                0x10002860                runtime_init_spin_locks_reset
 .text.runtime_init_install_ram_vector_table
                0x10002868       0x1c CMakeFiles/picow_ap_class.dir/Users/miki/pico/pico-sdk/src/rp2_common/pico_runtime_init/runtime_init.c.o
                0x10002868                runtime_init_install_ram_vector_table
 .text.runtime_init_clocks
                0x10002884       0xd8 CMakeFiles/picow_ap_class.dir/Users/miki/pico/pico-sdk/src/rp2_common/pico_runtime_init/runtime_init_clocks.c.o
                0x10002884                runtime_init_clocks
 .text          0x1000295c       0x10 CMakeFiles/picow_ap_class.dir/Users/miki/pico/pico-sdk/src/rp2_common/pico_bit_ops/bit_ops_aeabi.S.o
 .text.ctzsi    0x1000296c        0xc CMakeFiles/picow_ap_class.dir/Users/miki/pico/pico-sdk/src/rp2_common/pico_bit_ops/bit_ops_aeabi.S.o
                0x1000296c                __wrap___ctzsi2
 .text.__wrap___aeabi_idiv
                0x10002978       0x50 CMakeFiles/picow_ap_class.dir/Users/miki/pico/pico-sdk/src/rp2_common/pico_divider/divider_hardware.S.o
                0x10002978                __wrap___aeabi_idivmod
                0x10002978                divmod_s32s32
                0x10002978                div_s32s32
                0x10002978                __wrap___aeabi_idiv
                0x10002980                divmod_s32s32_unsafe
                0x100029ac                divmod_s32s32_savestate
 .text.__wrap___aeabi_uidiv
                0x100029c8       0x4c CMakeFiles/picow_ap_class.dir/Users/miki/pico/pico-sdk/src/rp2_common/pico_divider/divider_hardware.S.o
                0x100029c8                __wrap___aeabi_uidiv
                0x100029c8                __wrap___aeabi_uidivmod
                0x100029c8                div_u32u32
                0x100029c8                divmod_u32u32
                0x100029d0                divmod_u32u32_unsafe
                0x100029f8                divmod_u32u32_savestate
 .text.__wrap___aeabi_ldiv
                0x10002a14      0x424 CMakeFiles/picow_ap_class.dir/Users/miki/pico/pico-sdk/src/rp2_common/pico_divider/divider_hardware.S.o
                0x10002a14                __wrap___aeabi_ldivmod
                0x10002a14                div_s64s64
                0x10002a14                divmod_s64s64
                0x10002a44                divmod_u64u64
                0x10002a44                div_u64u64
                0x10002a44                __wrap___aeabi_uldivmod
                0x10002a54                divmod_u64u64_savestate
                0x10002a74                divmod_s64s64_unsafe
                0x10002afc                divmod_u64u64_unsafe
 .text.__wrap___aeabi_darithmetic
                0x10002e38       0x60 CMakeFiles/picow_ap_class.dir/Users/miki/pico/pico-sdk/src/rp2_common/pico_double/double_aeabi_rp2040.S.o
                0x10002e38                __wrap___aeabi_drsub
                0x10002e3e                __wrap___aeabi_dsub
                0x10002e48                __wrap___aeabi_dadd
                0x10002e52                __wrap___aeabi_ddiv
                0x10002e86                __wrap___aeabi_dmul
 .text.__wrap___aeabi_cdcmple
                0x10002e98       0x6c CMakeFiles/picow_ap_class.dir/Users/miki/pico/pico-sdk/src/rp2_common/pico_double/double_aeabi_rp2040.S.o
                0x10002e98                __wrap___aeabi_cdrcmple
                0x10002ea8                __wrap___aeabi_cdcmple
                0x10002ea8                __wrap___aeabi_cdcmpeq
 .text.__wrap___aeabi_dcmplt
                0x10002f04        0xc CMakeFiles/picow_ap_class.dir/Users/miki/pico/pico-sdk/src/rp2_common/pico_double/double_aeabi_rp2040.S.o
                0x10002f04                __wrap___aeabi_dcmplt
 .text.__wrap___aeabi_dcmple
                0x10002f10       0x10 CMakeFiles/picow_ap_class.dir/Users/miki/pico/pico-sdk/src/rp2_common/pico_double/double_aeabi_rp2040.S.o
                0x10002f10                __wrap___aeabi_dcmple
 .text.__wrap___aeabi_dcmpge
                0x10002f20       0x10 CMakeFiles/picow_ap_class.dir/Users/miki/pico/pico-sdk/src/rp2_common/pico_double/double_aeabi_rp2040.S.o
                0x10002f20                __wrap___aeabi_dcmpge
 .text.__wrap___aeabi_dcmpgt
                0x10002f30        0xa CMakeFiles/picow_ap_class.dir/Users/miki/pico/pico-sdk/src/rp2_common/pico_double/double_aeabi_rp2040.S.o
                0x10002f30                __wrap___aeabi_dcmpgt
 .text.__wrap___aeabi_dcmpun
                0x10002f3a       0x18 CMakeFiles/picow_ap_class.dir/Users/miki/pico/pico-sdk/src/rp2_common/pico_double/double_aeabi_rp2040.S.o
                0x10002f3a                __wrap___aeabi_dcmpun
 *fill*         0x10002f52        0x2 
 .text.__wrap___aeabi_i2d
                0x10002f54       0x38 CMakeFiles/picow_ap_class.dir/Users/miki/pico/pico-sdk/src/rp2_common/pico_double/double_aeabi_rp2040.S.o
                0x10002f54                __wrap___aeabi_ui2d
                0x10002f54                uint2double
                0x10002f5c                __wrap___aeabi_i2d
                0x10002f5c                int2double
 .text.__wrap___aeabi_d2iz
                0x10002f8c       0x48 CMakeFiles/picow_ap_class.dir/Users/miki/pico/pico-sdk/src/rp2_common/pico_double/double_aeabi_rp2040.S.o
                0x10002f8c                __wrap___aeabi_d2iz
                0x10002f8c                double2int_z
 .text.__wrap___aeabi_d2uiz
                0x10002fd4       0x10 CMakeFiles/picow_ap_class.dir/Users/miki/pico/pico-sdk/src/rp2_common/pico_double/double_aeabi_rp2040.S.o
                0x10002fd4                double2uint_z
                0x10002fd4                double2uint
                0x10002fd4                __wrap___aeabi_d2uiz
 .text.missing_double_func_shim
                0x10002fe4        0xc CMakeFiles/picow_ap_class.dir/Users/miki/pico/pico-sdk/src/rp2_common/pico_double/double_init_rom_rp2040.c.o
 .text.__aeabi_double_init
                0x10002ff0       0xa0 CMakeFiles/picow_ap_class.dir/Users/miki/pico/pico-sdk/src/rp2_common/pico_double/double_init_rom_rp2040.c.o
                0x10002ff0                __aeabi_double_init
 .text.double_table_shim_on_use_helper
                0x10003090       0x2c CMakeFiles/picow_ap_class.dir/Users/miki/pico/pico-sdk/src/rp2_common/pico_double/double_v1_rom_shim_rp2040.S.o
                0x10003090                double_table_shim_on_use_helper
 .text.__aeabi_lmul
                0x100030bc       0x32 CMakeFiles/picow_ap_class.dir/Users/miki/pico/pico-sdk/src/rp2_common/pico_int64_ops/pico_int64_ops_aeabi.S.o
                0x100030bc                __wrap___aeabi_lmul
 *fill*         0x100030ee        0x2 
 .text.missing_float_func_shim
                0x100030f0        0xc CMakeFiles/picow_ap_class.dir/Users/miki/pico/pico-sdk/src/rp2_common/pico_float/float_init_rom_rp2040.c.o
 .text.__aeabi_float_init
                0x100030fc       0x5c CMakeFiles/picow_ap_class.dir/Users/miki/pico/pico-sdk/src/rp2_common/pico_float/float_init_rom_rp2040.c.o
                0x100030fc                __aeabi_float_init
 .text.__wrap_calloc
                0x10003158       0x28 CMakeFiles/picow_ap_class.dir/Users/miki/pico/pico-sdk/src/rp2_common/pico_malloc/malloc.c.o
                0x10003158                __wrap_calloc
 .text.__wrap_free
                0x10003180        0x8 CMakeFiles/picow_ap_class.dir/Users/miki/pico/pico-sdk/src/rp2_common/pico_malloc/malloc.c.o
                0x10003180                __wrap_free
 .text          0x10003188       0x10 CMakeFiles/picow_ap_class.dir/Users/miki/pico/pico-sdk/src/rp2_common/pico_mem_ops/mem_ops_aeabi.S.o
                0x10003188                __aeabi_mem_init
 .text.memset   0x10003198        0xc CMakeFiles/picow_ap_class.dir/Users/miki/pico/pico-sdk/src/rp2_common/pico_mem_ops/mem_ops_aeabi.S.o
                0x10003198                __wrap_memset
 .text.memcpy   0x100031a4        0xc CMakeFiles/picow_ap_class.dir/Users/miki/pico/pico-sdk/src/rp2_common/pico_mem_ops/mem_ops_aeabi.S.o
                0x100031a4                __wrap___aeabi_memcpy
                0x100031a4                __wrap_memcpy
 .text._out_null
                0x100031b0        0x4 CMakeFiles/picow_ap_class.dir/Users/miki/pico/pico-sdk/src/rp2_common/pico_printf/printf.c.o
 .text._out_rev
                0x100031b4       0xac CMakeFiles/picow_ap_class.dir/Users/miki/pico/pico-sdk/src/rp2_common/pico_printf/printf.c.o
 .text._ntoa_format
                0x10003260      0x1cc CMakeFiles/picow_ap_class.dir/Users/miki/pico/pico-sdk/src/rp2_common/pico_printf/printf.c.o
 .text._out_char
                0x1000342c       0x10 CMakeFiles/picow_ap_class.dir/Users/miki/pico/pico-sdk/src/rp2_common/pico_printf/printf.c.o
 .text._out_fct
                0x1000343c       0x10 CMakeFiles/picow_ap_class.dir/Users/miki/pico/pico-sdk/src/rp2_common/pico_printf/printf.c.o
 .text._ftoa    0x1000344c      0x4a8 CMakeFiles/picow_ap_class.dir/Users/miki/pico/pico-sdk/src/rp2_common/pico_printf/printf.c.o
 .text._etoa    0x100038f4      0x57c CMakeFiles/picow_ap_class.dir/Users/miki/pico/pico-sdk/src/rp2_common/pico_printf/printf.c.o
 .text._vsnprintf
                0x10003e70      0xbe0 CMakeFiles/picow_ap_class.dir/Users/miki/pico/pico-sdk/src/rp2_common/pico_printf/printf.c.o
 .text.vfctprintf
                0x10004a50       0x24 CMakeFiles/picow_ap_class.dir/Users/miki/pico/pico-sdk/src/rp2_common/pico_printf/printf.c.o
                0x10004a50                vfctprintf
 .text.weak_raw_vprintf
                0x10004a74       0x30 CMakeFiles/picow_ap_class.dir/Users/miki/pico/pico-sdk/src/rp2_common/pico_printf/printf.c.o
                0x10004a74                weak_raw_vprintf
 .text._exit    0x10004aa4        0x4 CMakeFiles/picow_ap_class.dir/Users/miki/pico/pico-sdk/src/rp2_common/pico_clib_interface/newlib_interface.c.o
                0x10004aa4                _exit
 .text._sbrk    0x10004aa8       0x34 CMakeFiles/picow_ap_class.dir/Users/miki/pico/pico-sdk/src/rp2_common/pico_clib_interface/newlib_interface.c.o
                0x10004aa8                _sbrk
 .text._read    0x10004adc       0x24 CMakeFiles/picow_ap_class.dir/Users/miki/pico/pico-sdk/src/rp2_common/pico_clib_interface/newlib_interface.c.o
                0x10004adc                _read
 .text._write   0x10004b00       0x24 CMakeFiles/picow_ap_class.dir/Users/miki/pico/pico-sdk/src/rp2_common/pico_clib_interface/newlib_interface.c.o
                0x10004b00                _write
 .text._close   0x10004b24        0x8 CMakeFiles/picow_ap_class.dir/Users/miki/pico/pico-sdk/src/rp2_common/pico_clib_interface/newlib_interface.c.o
                0x10004b24                _close
 .text._lseek   0x10004b2c        0x8 CMakeFiles/picow_ap_class.dir/Users/miki/pico/pico-sdk/src/rp2_common/pico_clib_interface/newlib_interface.c.o
                0x10004b2c                _lseek
 .text.exit     0x10004b34        0x8 CMakeFiles/picow_ap_class.dir/Users/miki/pico/pico-sdk/src/rp2_common/pico_clib_interface/newlib_interface.c.o
                0x10004b34                exit
 .text.runtime_init
                0x10004b3c       0x2c CMakeFiles/picow_ap_class.dir/Users/miki/pico/pico-sdk/src/rp2_common/pico_clib_interface/newlib_interface.c.o
                0x10004b3c                runtime_init
 .text.stdio_out_chars_no_crlf
                0x10004b68       0x10 CMakeFiles/picow_ap_class.dir/Users/miki/pico/pico-sdk/src/rp2_common/pico_stdio/stdio.c.o
 .text.stdio_out_chars_crlf
                0x10004b78       0xb0 CMakeFiles/picow_ap_class.dir/Users/miki/pico/pico-sdk/src/rp2_common/pico_stdio/stdio.c.o
 .text.stdio_buffered_printer
                0x10004c28       0x64 CMakeFiles/picow_ap_class.dir/Users/miki/pico/pico-sdk/src/rp2_common/pico_stdio/stdio.c.o
 .text.stdio_put_string
                0x10004c8c       0xfc CMakeFiles/picow_ap_class.dir/Users/miki/pico/pico-sdk/src/rp2_common/pico_stdio/stdio.c.o
                0x10004c8c                stdio_put_string
 .text.stdio_get_until
                0x10004d88       0x84 CMakeFiles/picow_ap_class.dir/Users/miki/pico/pico-sdk/src/rp2_common/pico_stdio/stdio.c.o
                0x10004d88                stdio_get_until
 .text.stdio_set_driver_enabled
                0x10004e0c       0x30 CMakeFiles/picow_ap_class.dir/Users/miki/pico/pico-sdk/src/rp2_common/pico_stdio/stdio.c.o
                0x10004e0c                stdio_set_driver_enabled
 .text.stdio_init_all
                0x10004e3c        0x8 CMakeFiles/picow_ap_class.dir/Users/miki/pico/pico-sdk/src/rp2_common/pico_stdio/stdio.c.o
                0x10004e3c                stdio_init_all
 .text.__wrap_putchar
                0x10004e44       0x94 CMakeFiles/picow_ap_class.dir/Users/miki/pico/pico-sdk/src/rp2_common/pico_stdio/stdio.c.o
                0x10004e44                stdio_putchar
                0x10004e44                __wrap_putchar
 .text.__wrap_puts
                0x10004ed8       0x3c CMakeFiles/picow_ap_class.dir/Users/miki/pico/pico-sdk/src/rp2_common/pico_stdio/stdio.c.o
                0x10004ed8                __wrap_puts
                0x10004ed8                stdio_puts
 .text.__wrap_vprintf
                0x10004f14       0xcc CMakeFiles/picow_ap_class.dir/Users/miki/pico/pico-sdk/src/rp2_common/pico_stdio/stdio.c.o
                0x10004f14                __wrap_vprintf
                0x10004f14                stdio_vprintf
 .text.__wrap_printf
                0x10004fe0       0x18 CMakeFiles/picow_ap_class.dir/Users/miki/pico/pico-sdk/src/rp2_common/pico_stdio/stdio.c.o
                0x10004fe0                stdio_printf
                0x10004fe0                __wrap_printf
 .text.resetd_init
                0x10004ff8        0x4 CMakeFiles/picow_ap_class.dir/Users/miki/pico/pico-sdk/src/rp2_common/pico_stdio_usb/reset_interface.c.o
 .text.resetd_reset
                0x10004ffc        0xc CMakeFiles/picow_ap_class.dir/Users/miki/pico/pico-sdk/src/rp2_common/pico_stdio_usb/reset_interface.c.o
 .text.resetd_open
                0x10005008       0x28 CMakeFiles/picow_ap_class.dir/Users/miki/pico/pico-sdk/src/rp2_common/pico_stdio_usb/reset_interface.c.o
 .text.resetd_xfer_cb
                0x10005030        0x4 CMakeFiles/picow_ap_class.dir/Users/miki/pico/pico-sdk/src/rp2_common/pico_stdio_usb/reset_interface.c.o
 .text.resetd_control_xfer_cb
                0x10005034       0x54 CMakeFiles/picow_ap_class.dir/Users/miki/pico/pico-sdk/src/rp2_common/pico_stdio_usb/reset_interface.c.o
 .text.tud_descriptor_bos_cb
                0x10005088        0x8 CMakeFiles/picow_ap_class.dir/Users/miki/pico/pico-sdk/src/rp2_common/pico_stdio_usb/reset_interface.c.o
                0x10005088                tud_descriptor_bos_cb
 .text.tud_vendor_control_xfer_cb
                0x10005090       0x34 CMakeFiles/picow_ap_class.dir/Users/miki/pico/pico-sdk/src/rp2_common/pico_stdio_usb/reset_interface.c.o
                0x10005090                tud_vendor_control_xfer_cb
 .text.usbd_app_driver_get_cb
                0x100050c4        0xc CMakeFiles/picow_ap_class.dir/Users/miki/pico/pico-sdk/src/rp2_common/pico_stdio_usb/reset_interface.c.o
                0x100050c4                usbd_app_driver_get_cb
 .text.tud_cdc_line_coding_cb
                0x100050d0       0x2c CMakeFiles/picow_ap_class.dir/Users/miki/pico/pico-sdk/src/rp2_common/pico_stdio_usb/reset_interface.c.o
                0x100050d0                tud_cdc_line_coding_cb
 .text.stdio_usb_set_chars_available_callback
                0x100050fc       0x14 CMakeFiles/picow_ap_class.dir/Users/miki/pico/pico-sdk/src/rp2_common/pico_stdio_usb/stdio_usb.c.o
                0x100050fc                stdio_usb_set_chars_available_callback
 .text.usb_irq  0x10005110       0x10 CMakeFiles/picow_ap_class.dir/Users/miki/pico/pico-sdk/src/rp2_common/pico_stdio_usb/stdio_usb.c.o
 .text.timer_task
                0x10005120       0x64 CMakeFiles/picow_ap_class.dir/Users/miki/pico/pico-sdk/src/rp2_common/pico_stdio_usb/stdio_usb.c.o
 .text.stdio_usb_in_chars
                0x10005184       0x8c CMakeFiles/picow_ap_class.dir/Users/miki/pico/pico-sdk/src/rp2_common/pico_stdio_usb/stdio_usb.c.o
                0x10005184                stdio_usb_in_chars
 .text.stdio_usb_out_flush
                0x10005210       0x4c CMakeFiles/picow_ap_class.dir/Users/miki/pico/pico-sdk/src/rp2_common/pico_stdio_usb/stdio_usb.c.o
 .text.stdio_usb_out_chars
                0x1000525c      0x100 CMakeFiles/picow_ap_class.dir/Users/miki/pico/pico-sdk/src/rp2_common/pico_stdio_usb/stdio_usb.c.o
 .text.low_priority_worker_irq
                0x1000535c       0xc8 CMakeFiles/picow_ap_class.dir/Users/miki/pico/pico-sdk/src/rp2_common/pico_stdio_usb/stdio_usb.c.o
 .text.stdio_usb_init
                0x10005424       0xe8 CMakeFiles/picow_ap_class.dir/Users/miki/pico/pico-sdk/src/rp2_common/pico_stdio_usb/stdio_usb.c.o
                0x10005424                stdio_usb_init
 .text.tud_descriptor_device_cb
                0x1000550c        0x8 CMakeFiles/picow_ap_class.dir/Users/miki/pico/pico-sdk/src/rp2_common/pico_stdio_usb/stdio_usb_descriptors.c.o
                0x1000550c                tud_descriptor_device_cb
 .text.tud_descriptor_configuration_cb
                0x10005514        0x8 CMakeFiles/picow_ap_class.dir/Users/miki/pico/pico-sdk/src/rp2_common/pico_stdio_usb/stdio_usb_descriptors.c.o
                0x10005514                tud_descriptor_configuration_cb
 .text.tud_descriptor_string_cb
                0x1000551c       0x78 CMakeFiles/picow_ap_class.dir/Users/miki/pico/pico-sdk/src/rp2_common/pico_stdio_usb/stdio_usb_descriptors.c.o
                0x1000551c                tud_descriptor_string_cb
 .text.startup._retrieve_unique_id_on_boot
                0x10005594       0x10 CMakeFiles/picow_ap_class.dir/Users/miki/pico/pico-sdk/src/rp2_common/pico_unique_id/unique_id.c.o
 .text.pico_get_unique_board_id
                0x100055a4       0x10 CMakeFiles/picow_ap_class.dir/Users/miki/pico/pico-sdk/src/rp2_common/pico_unique_id/unique_id.c.o
                0x100055a4                pico_get_unique_board_id
 .text.pico_get_unique_board_id_string
                0x100055b4      0x1a8 CMakeFiles/picow_ap_class.dir/Users/miki/pico/pico-sdk/src/rp2_common/pico_unique_id/unique_id.c.o
                0x100055b4                pico_get_unique_board_id_string
 .text.flash_get_unique_id
                0x1000575c       0x3c CMakeFiles/picow_ap_class.dir/Users/miki/pico/pico-sdk/src/rp2_common/hardware_flash/flash.c.o
                0x1000575c                flash_get_unique_id
 .text.dcd_init
                0x10005798       0x90 CMakeFiles/picow_ap_class.dir/Users/miki/pico/pico-sdk/lib/tinyusb/src/portable/raspberrypi/rp2040/dcd_rp2040.c.o
                0x10005798                dcd_init
 .text.dcd_int_enable
                0x10005828        0xc CMakeFiles/picow_ap_class.dir/Users/miki/pico/pico-sdk/lib/tinyusb/src/portable/raspberrypi/rp2040/dcd_rp2040.c.o
                0x10005828                dcd_int_enable
 .text.dcd_set_address
                0x10005834       0x14 CMakeFiles/picow_ap_class.dir/Users/miki/pico/pico-sdk/lib/tinyusb/src/portable/raspberrypi/rp2040/dcd_rp2040.c.o
                0x10005834                dcd_set_address
 .text.dcd_sof_enable
                0x10005848       0x1c CMakeFiles/picow_ap_class.dir/Users/miki/pico/pico-sdk/lib/tinyusb/src/portable/raspberrypi/rp2040/dcd_rp2040.c.o
                0x10005848                dcd_sof_enable
 .text.dcd_edpt0_status_complete
                0x10005864       0x1c CMakeFiles/picow_ap_class.dir/Users/miki/pico/pico-sdk/lib/tinyusb/src/portable/raspberrypi/rp2040/dcd_rp2040.c.o
                0x10005864                dcd_edpt0_status_complete
 .text.dcd_edpt_open
                0x10005880      0x114 CMakeFiles/picow_ap_class.dir/Users/miki/pico/pico-sdk/lib/tinyusb/src/portable/raspberrypi/rp2040/dcd_rp2040.c.o
                0x10005880                dcd_edpt_open
 .text.dcd_edpt_close_all
                0x10005994        0x8 CMakeFiles/picow_ap_class.dir/Users/miki/pico/pico-sdk/lib/tinyusb/src/portable/raspberrypi/rp2040/dcd_rp2040.c.o
                0x10005994                dcd_edpt_close_all
 .text.dcd_edpt_xfer
                0x1000599c       0x24 CMakeFiles/picow_ap_class.dir/Users/miki/pico/pico-sdk/lib/tinyusb/src/portable/raspberrypi/rp2040/dcd_rp2040.c.o
                0x1000599c                dcd_edpt_xfer
 .text.dcd_edpt_stall
                0x100059c0       0x3c CMakeFiles/picow_ap_class.dir/Users/miki/pico/pico-sdk/lib/tinyusb/src/portable/raspberrypi/rp2040/dcd_rp2040.c.o
                0x100059c0                dcd_edpt_stall
 .text.dcd_edpt_clear_stall
                0x100059fc       0x30 CMakeFiles/picow_ap_class.dir/Users/miki/pico/pico-sdk/lib/tinyusb/src/portable/raspberrypi/rp2040/dcd_rp2040.c.o
                0x100059fc                dcd_edpt_clear_stall
 .text.rp2040_usb_init
                0x10005a2c       0x40 CMakeFiles/picow_ap_class.dir/Users/miki/pico/pico-sdk/lib/tinyusb/src/portable/raspberrypi/rp2040/rp2040_usb.c.o
                0x10005a2c                rp2040_usb_init
 .text.hw_endpoint_xfer_start
                0x10005a6c       0x40 CMakeFiles/picow_ap_class.dir/Users/miki/pico/pico-sdk/lib/tinyusb/src/portable/raspberrypi/rp2040/rp2040_usb.c.o
                0x10005a6c                hw_endpoint_xfer_start
 .text.tud_event_hook_cb
                0x10005aac        0x4 CMakeFiles/picow_ap_class.dir/Users/miki/pico/pico-sdk/lib/tinyusb/src/device/usbd.c.o
                0x10005aac                tud_event_hook_cb
 .text.tud_sof_cb
                0x10005ab0        0x4 CMakeFiles/picow_ap_class.dir/Users/miki/pico/pico-sdk/lib/tinyusb/src/device/usbd.c.o
                0x10005ab0                tud_sof_cb
 .text.tud_descriptor_device_qualifier_cb
                0x10005ab4        0x4 CMakeFiles/picow_ap_class.dir/Users/miki/pico/pico-sdk/lib/tinyusb/src/device/usbd.c.o
                0x10005ab4                tud_descriptor_device_qualifier_cb
 .text.tud_descriptor_other_speed_configuration_cb
                0x10005ab8        0x4 CMakeFiles/picow_ap_class.dir/Users/miki/pico/pico-sdk/lib/tinyusb/src/device/usbd.c.o
                0x10005ab8                tud_descriptor_other_speed_configuration_cb
 .text.tud_mount_cb
                0x10005abc        0x4 CMakeFiles/picow_ap_class.dir/Users/miki/pico/pico-sdk/lib/tinyusb/src/device/usbd.c.o
                0x10005abc                tud_mount_cb
 .text.tud_umount_cb
                0x10005ac0        0x4 CMakeFiles/picow_ap_class.dir/Users/miki/pico/pico-sdk/lib/tinyusb/src/device/usbd.c.o
                0x10005ac0                tud_umount_cb
 .text.tud_suspend_cb
                0x10005ac4        0x4 CMakeFiles/picow_ap_class.dir/Users/miki/pico/pico-sdk/lib/tinyusb/src/device/usbd.c.o
                0x10005ac4                tud_suspend_cb
 .text.tud_resume_cb
                0x10005ac8        0x4 CMakeFiles/picow_ap_class.dir/Users/miki/pico/pico-sdk/lib/tinyusb/src/device/usbd.c.o
                0x10005ac8                tud_resume_cb
 .text.tud_mounted
                0x10005acc       0x10 CMakeFiles/picow_ap_class.dir/Users/miki/pico/pico-sdk/lib/tinyusb/src/device/usbd.c.o
                0x10005acc                tud_mounted
 .text.tud_suspended
                0x10005adc       0x10 CMakeFiles/picow_ap_class.dir/Users/miki/pico/pico-sdk/lib/tinyusb/src/device/usbd.c.o
                0x10005adc                tud_suspended
 .text.tud_rhport_init
                0x10005aec       0xf4 CMakeFiles/picow_ap_class.dir/Users/miki/pico/pico-sdk/lib/tinyusb/src/device/usbd.c.o
                0x10005aec                tud_rhport_init
 .text.tud_task_ext
                0x10005be0      0x800 CMakeFiles/picow_ap_class.dir/Users/miki/pico/pico-sdk/lib/tinyusb/src/device/usbd.c.o
                0x10005be0                tud_task_ext
 .text.usbd_open_edpt_pair
                0x100063e0       0x9c CMakeFiles/picow_ap_class.dir/Users/miki/pico/pico-sdk/lib/tinyusb/src/device/usbd.c.o
                0x100063e0                usbd_open_edpt_pair
 .text.usbd_edpt_open
                0x1000647c       0x34 CMakeFiles/picow_ap_class.dir/Users/miki/pico/pico-sdk/lib/tinyusb/src/device/usbd.c.o
                0x1000647c                usbd_edpt_open
 .text.usbd_edpt_claim
                0x100064b0       0x28 CMakeFiles/picow_ap_class.dir/Users/miki/pico/pico-sdk/lib/tinyusb/src/device/usbd.c.o
                0x100064b0                usbd_edpt_claim
 .text.usbd_edpt_release
                0x100064d8       0x28 CMakeFiles/picow_ap_class.dir/Users/miki/pico/pico-sdk/lib/tinyusb/src/device/usbd.c.o
                0x100064d8                usbd_edpt_release
 .text.usbd_edpt_xfer
                0x10006500       0x4c CMakeFiles/picow_ap_class.dir/Users/miki/pico/pico-sdk/lib/tinyusb/src/device/usbd.c.o
                0x10006500                usbd_edpt_xfer
 .text.tud_control_status
                0x1000654c       0x2c CMakeFiles/picow_ap_class.dir/Users/miki/pico/pico-sdk/lib/tinyusb/src/device/usbd_control.c.o
                0x1000654c                tud_control_status
 .text.tud_control_xfer
                0x10006578       0xa8 CMakeFiles/picow_ap_class.dir/Users/miki/pico/pico-sdk/lib/tinyusb/src/device/usbd_control.c.o
                0x10006578                tud_control_xfer
 .text.usbd_control_reset
                0x10006620       0x14 CMakeFiles/picow_ap_class.dir/Users/miki/pico/pico-sdk/lib/tinyusb/src/device/usbd_control.c.o
                0x10006620                usbd_control_reset
 .text.usbd_control_set_complete_callback
                0x10006634        0xc CMakeFiles/picow_ap_class.dir/Users/miki/pico/pico-sdk/lib/tinyusb/src/device/usbd_control.c.o
                0x10006634                usbd_control_set_complete_callback
 .text.usbd_control_set_request
                0x10006640       0x1c CMakeFiles/picow_ap_class.dir/Users/miki/pico/pico-sdk/lib/tinyusb/src/device/usbd_control.c.o
                0x10006640                usbd_control_set_request
 .text.usbd_control_xfer_cb
                0x1000665c       0xec CMakeFiles/picow_ap_class.dir/Users/miki/pico/pico-sdk/lib/tinyusb/src/device/usbd_control.c.o
                0x1000665c                usbd_control_xfer_cb
 .text._prep_out_transaction.isra.0
                0x10006748       0x6c CMakeFiles/picow_ap_class.dir/Users/miki/pico/pico-sdk/lib/tinyusb/src/class/cdc/cdc_device.c.o
 .text.tud_cdc_n_connected
                0x100067b4       0x2c CMakeFiles/picow_ap_class.dir/Users/miki/pico/pico-sdk/lib/tinyusb/src/class/cdc/cdc_device.c.o
                0x100067b4                tud_cdc_n_connected
 .text.tud_cdc_n_available
                0x100067e0       0x14 CMakeFiles/picow_ap_class.dir/Users/miki/pico/pico-sdk/lib/tinyusb/src/class/cdc/cdc_device.c.o
                0x100067e0                tud_cdc_n_available
 .text.tud_cdc_n_read
                0x100067f4       0x88 CMakeFiles/picow_ap_class.dir/Users/miki/pico/pico-sdk/lib/tinyusb/src/class/cdc/cdc_device.c.o
                0x100067f4                tud_cdc_n_read
 .text.tud_cdc_n_write_flush
                0x1000687c       0x74 CMakeFiles/picow_ap_class.dir/Users/miki/pico/pico-sdk/lib/tinyusb/src/class/cdc/cdc_device.c.o
                0x1000687c                tud_cdc_n_write_flush
 .text.tud_cdc_n_write
                0x100068f0       0x40 CMakeFiles/picow_ap_class.dir/Users/miki/pico/pico-sdk/lib/tinyusb/src/class/cdc/cdc_device.c.o
                0x100068f0                tud_cdc_n_write
 .text.tud_cdc_n_write_available
                0x10006930       0x14 CMakeFiles/picow_ap_class.dir/Users/miki/pico/pico-sdk/lib/tinyusb/src/class/cdc/cdc_device.c.o
                0x10006930                tud_cdc_n_write_available
 .text.cdcd_init
                0x10006944       0x70 CMakeFiles/picow_ap_class.dir/Users/miki/pico/pico-sdk/lib/tinyusb/src/class/cdc/cdc_device.c.o
                0x10006944                cdcd_init
 .text.cdcd_deinit
                0x100069b4       0x30 CMakeFiles/picow_ap_class.dir/Users/miki/pico/pico-sdk/lib/tinyusb/src/class/cdc/cdc_device.c.o
                0x100069b4                cdcd_deinit
 .text.cdcd_reset
                0x100069e4       0x4c CMakeFiles/picow_ap_class.dir/Users/miki/pico/pico-sdk/lib/tinyusb/src/class/cdc/cdc_device.c.o
                0x100069e4                cdcd_reset
 .text.cdcd_open
                0x10006a30       0xa4 CMakeFiles/picow_ap_class.dir/Users/miki/pico/pico-sdk/lib/tinyusb/src/class/cdc/cdc_device.c.o
                0x10006a30                cdcd_open
 .text.cdcd_control_xfer_cb
                0x10006ad4       0xe8 CMakeFiles/picow_ap_class.dir/Users/miki/pico/pico-sdk/lib/tinyusb/src/class/cdc/cdc_device.c.o
                0x10006ad4                cdcd_control_xfer_cb
 .text.cdcd_xfer_cb
                0x10006bbc      0x100 CMakeFiles/picow_ap_class.dir/Users/miki/pico/pico-sdk/lib/tinyusb/src/class/cdc/cdc_device.c.o
                0x10006bbc                cdcd_xfer_cb
 .text.vendord_init
                0x10006cbc       0x5c CMakeFiles/picow_ap_class.dir/Users/miki/pico/pico-sdk/lib/tinyusb/src/class/vendor/vendor_device.c.o
                0x10006cbc                vendord_init
 .text.vendord_deinit
                0x10006d18       0x1c CMakeFiles/picow_ap_class.dir/Users/miki/pico/pico-sdk/lib/tinyusb/src/class/vendor/vendor_device.c.o
                0x10006d18                vendord_deinit
 .text.vendord_reset
                0x10006d34       0x28 CMakeFiles/picow_ap_class.dir/Users/miki/pico/pico-sdk/lib/tinyusb/src/class/vendor/vendor_device.c.o
                0x10006d34                vendord_reset
 .text.vendord_open
                0x10006d5c      0x120 CMakeFiles/picow_ap_class.dir/Users/miki/pico/pico-sdk/lib/tinyusb/src/class/vendor/vendor_device.c.o
                0x10006d5c                vendord_open
 .text.vendord_xfer_cb
                0x10006e7c       0x9c CMakeFiles/picow_ap_class.dir/Users/miki/pico/pico-sdk/lib/tinyusb/src/class/vendor/vendor_device.c.o
                0x10006e7c                vendord_xfer_cb
 .text.tusb_rhport_init
                0x10006f18       0x4c CMakeFiles/picow_ap_class.dir/Users/miki/pico/pico-sdk/lib/tinyusb/src/tusb.c.o
                0x10006f18                tusb_rhport_init
 .text.tu_edpt_claim
                0x10006f64       0x50 CMakeFiles/picow_ap_class.dir/Users/miki/pico/pico-sdk/lib/tinyusb/src/tusb.c.o
                0x10006f64                tu_edpt_claim
 .text.tu_edpt_release
                0x10006fb4       0x38 CMakeFiles/picow_ap_class.dir/Users/miki/pico/pico-sdk/lib/tinyusb/src/tusb.c.o
                0x10006fb4                tu_edpt_release
 .text.tu_edpt_validate
                0x10006fec       0x7c CMakeFiles/picow_ap_class.dir/Users/miki/pico/pico-sdk/lib/tinyusb/src/tusb.c.o
                0x10006fec                tu_edpt_validate
 .text.tu_edpt_bind_driver
                0x10007068       0x34 CMakeFiles/picow_ap_class.dir/Users/miki/pico/pico-sdk/lib/tinyusb/src/tusb.c.o
                0x10007068                tu_edpt_bind_driver
 .text.tu_edpt_stream_init
                0x1000709c       0x6c CMakeFiles/picow_ap_class.dir/Users/miki/pico/pico-sdk/lib/tinyusb/src/tusb.c.o
                0x1000709c                tu_edpt_stream_init
 .text.tu_edpt_stream_deinit
                0x10007108        0x4 CMakeFiles/picow_ap_class.dir/Users/miki/pico/pico-sdk/lib/tinyusb/src/tusb.c.o
                0x10007108                tu_edpt_stream_deinit
 .text.tu_edpt_stream_write_zlp_if_needed
                0x1000710c       0x68 CMakeFiles/picow_ap_class.dir/Users/miki/pico/pico-sdk/lib/tinyusb/src/tusb.c.o
                0x1000710c                tu_edpt_stream_write_zlp_if_needed
 .text.tu_edpt_stream_write_xfer
                0x10007174       0x68 CMakeFiles/picow_ap_class.dir/Users/miki/pico/pico-sdk/lib/tinyusb/src/tusb.c.o
                0x10007174                tu_edpt_stream_write_xfer
 .text.tu_edpt_stream_read_xfer
                0x100071dc       0xd8 CMakeFiles/picow_ap_class.dir/Users/miki/pico/pico-sdk/lib/tinyusb/src/tusb.c.o
                0x100071dc                tu_edpt_stream_read_xfer
 .text.tu_fifo_config
                0x100072b4       0x6c CMakeFiles/picow_ap_class.dir/Users/miki/pico/pico-sdk/lib/tinyusb/src/common/tusb_fifo.c.o
                0x100072b4                tu_fifo_config
 .text.tu_fifo_count
                0x10007320       0x2c CMakeFiles/picow_ap_class.dir/Users/miki/pico/pico-sdk/lib/tinyusb/src/common/tusb_fifo.c.o
                0x10007320                tu_fifo_count
 .text.tu_fifo_empty
                0x1000734c       0x10 CMakeFiles/picow_ap_class.dir/Users/miki/pico/pico-sdk/lib/tinyusb/src/common/tusb_fifo.c.o
                0x1000734c                tu_fifo_empty
 .text.tu_fifo_remaining
                0x1000735c       0x2c CMakeFiles/picow_ap_class.dir/Users/miki/pico/pico-sdk/lib/tinyusb/src/common/tusb_fifo.c.o
                0x1000735c                tu_fifo_remaining
 .text.tu_fifo_read
                0x10007388       0x9c CMakeFiles/picow_ap_class.dir/Users/miki/pico/pico-sdk/lib/tinyusb/src/common/tusb_fifo.c.o
                0x10007388                tu_fifo_read
 .text.tu_fifo_read_n
                0x10007424       0xe8 CMakeFiles/picow_ap_class.dir/Users/miki/pico/pico-sdk/lib/tinyusb/src/common/tusb_fifo.c.o
                0x10007424                tu_fifo_read_n
 .text.tu_fifo_write
                0x1000750c       0xa4 CMakeFiles/picow_ap_class.dir/Users/miki/pico/pico-sdk/lib/tinyusb/src/common/tusb_fifo.c.o
                0x1000750c                tu_fifo_write
 .text.tu_fifo_write_n
                0x100075b0      0x168 CMakeFiles/picow_ap_class.dir/Users/miki/pico/pico-sdk/lib/tinyusb/src/common/tusb_fifo.c.o
                0x100075b0                tu_fifo_write_n
 .text.tu_fifo_clear
                0x10007718       0x40 CMakeFiles/picow_ap_class.dir/Users/miki/pico/pico-sdk/lib/tinyusb/src/common/tusb_fifo.c.o
                0x10007718                tu_fifo_clear
 .text.tu_fifo_set_overwritable
                0x10007758       0x48 CMakeFiles/picow_ap_class.dir/Users/miki/pico/pico-sdk/lib/tinyusb/src/common/tusb_fifo.c.o
                0x10007758                tu_fifo_set_overwritable
 .text.lwip_timeout_reached
                0x100077a0        0x8 CMakeFiles/picow_ap_class.dir/Users/miki/pico/pico-sdk/src/rp2_common/pico_lwip/lwip_nosys.c.o
 .text.update_next_timeout
                0x100077a8       0x5c CMakeFiles/picow_ap_class.dir/Users/miki/pico/pico-sdk/src/rp2_common/pico_lwip/lwip_nosys.c.o
 .text.lwip_nosys_init
                0x10007804       0x30 CMakeFiles/picow_ap_class.dir/Users/miki/pico/pico-sdk/src/rp2_common/pico_lwip/lwip_nosys.c.o
                0x10007804                lwip_nosys_init
 .text.lwip_nosys_deinit
                0x10007834       0x20 CMakeFiles/picow_ap_class.dir/Users/miki/pico/pico-sdk/src/rp2_common/pico_lwip/lwip_nosys.c.o
                0x10007834                lwip_nosys_deinit
 .text.sys_arch_protect
                0x10007854        0x4 CMakeFiles/picow_ap_class.dir/Users/miki/pico/pico-sdk/src/rp2_common/pico_lwip/lwip_nosys.c.o
                0x10007854                sys_arch_protect
 .text.sys_arch_unprotect
                0x10007858        0x4 CMakeFiles/picow_ap_class.dir/Users/miki/pico/pico-sdk/src/rp2_common/pico_lwip/lwip_nosys.c.o
                0x10007858                sys_arch_unprotect
 .text.sys_now  0x1000785c       0x20 CMakeFiles/picow_ap_class.dir/Users/miki/pico/pico-sdk/src/rp2_common/pico_lwip/lwip_nosys.c.o
                0x1000785c                sys_now
 .text.async_context_base_add_at_time_worker
                0x1000787c       0x28 CMakeFiles/picow_ap_class.dir/Users/miki/pico/pico-sdk/src/rp2_common/pico_async_context/async_context_base.c.o
                0x1000787c                async_context_base_add_at_time_worker
 .text.async_context_base_remove_at_time_worker
                0x100078a4       0x24 CMakeFiles/picow_ap_class.dir/Users/miki/pico/pico-sdk/src/rp2_common/pico_async_context/async_context_base.c.o
                0x100078a4                async_context_base_remove_at_time_worker
 .text.async_context_base_add_when_pending_worker
                0x100078c8       0x24 CMakeFiles/picow_ap_class.dir/Users/miki/pico/pico-sdk/src/rp2_common/pico_async_context/async_context_base.c.o
                0x100078c8                async_context_base_add_when_pending_worker
 .text.async_context_base_remove_when_pending_worker
                0x100078ec       0x24 CMakeFiles/picow_ap_class.dir/Users/miki/pico/pico-sdk/src/rp2_common/pico_async_context/async_context_base.c.o
                0x100078ec                async_context_base_remove_when_pending_worker
 .text.async_context_base_execute_once
                0x10007910      0x108 CMakeFiles/picow_ap_class.dir/Users/miki/pico/pico-sdk/src/rp2_common/pico_async_context/async_context_base.c.o
                0x10007910                async_context_base_execute_once
 .text.splitmix64
                0x10007a18       0x58 CMakeFiles/picow_ap_class.dir/Users/miki/pico/pico-sdk/src/rp2_common/pico_rand/rand.c.o
 .text.xoroshiro128ss
                0x10007a70       0x90 CMakeFiles/picow_ap_class.dir/Users/miki/pico/pico-sdk/src/rp2_common/pico_rand/rand.c.o
 .text.get_rand_64
                0x10007b00      0x47c CMakeFiles/picow_ap_class.dir/Users/miki/pico/pico-sdk/src/rp2_common/pico_rand/rand.c.o
                0x10007b00                get_rand_64
 .text.get_rand_32
                0x10007f7c        0x8 CMakeFiles/picow_ap_class.dir/Users/miki/pico/pico-sdk/src/rp2_common/pico_rand/rand.c.o
                0x10007f7c                get_rand_32
 .text.lwip_init
                0x10007f84       0x24 CMakeFiles/picow_ap_class.dir/Users/miki/pico/pico-sdk/lib/lwip/src/core/init.c.o
                0x10007f84                lwip_init
 .text.lwip_htons
                0x10007fa8        0x8 CMakeFiles/picow_ap_class.dir/Users/miki/pico/pico-sdk/lib/lwip/src/core/def.c.o
                0x10007fa8                lwip_htons
 .text.lwip_htonl
                0x10007fb0        0x4 CMakeFiles/picow_ap_class.dir/Users/miki/pico/pico-sdk/lib/lwip/src/core/def.c.o
                0x10007fb0                lwip_htonl
 .text.dns_call_found
                0x10007fb4      0x1bc CMakeFiles/picow_ap_class.dir/Users/miki/pico/pico-sdk/lib/lwip/src/core/dns.c.o
 .text.dns_send.isra.0
                0x10008170      0x174 CMakeFiles/picow_ap_class.dir/Users/miki/pico/pico-sdk/lib/lwip/src/core/dns.c.o
 .text.dns_init
                0x100082e4        0x4 CMakeFiles/picow_ap_class.dir/Users/miki/pico/pico-sdk/lib/lwip/src/core/dns.c.o
                0x100082e4                dns_init
 .text.dns_setserver
                0x100082e8       0x24 CMakeFiles/picow_ap_class.dir/Users/miki/pico/pico-sdk/lib/lwip/src/core/dns.c.o
                0x100082e8                dns_setserver
 .text.dns_tmr  0x1000830c      0x130 CMakeFiles/picow_ap_class.dir/Users/miki/pico/pico-sdk/lib/lwip/src/core/dns.c.o
                0x1000830c                dns_tmr
 .text.lwip_standard_chksum
                0x1000843c       0xf4 CMakeFiles/picow_ap_class.dir/Users/miki/pico/pico-sdk/lib/lwip/src/core/inet_chksum.c.o
                0x1000843c                lwip_standard_chksum
 .text.inet_chksum_pseudo
                0x10008530       0xbc CMakeFiles/picow_ap_class.dir/Users/miki/pico/pico-sdk/lib/lwip/src/core/inet_chksum.c.o
                0x10008530                inet_chksum_pseudo
 .text.ip_chksum_pseudo
                0x100085ec       0x10 CMakeFiles/picow_ap_class.dir/Users/miki/pico/pico-sdk/lib/lwip/src/core/inet_chksum.c.o
                0x100085ec                ip_chksum_pseudo
 .text.inet_chksum
                0x100085fc        0xc CMakeFiles/picow_ap_class.dir/Users/miki/pico/pico-sdk/lib/lwip/src/core/inet_chksum.c.o
                0x100085fc                inet_chksum
 .text.inet_chksum_pbuf
                0x10008608       0x78 CMakeFiles/picow_ap_class.dir/Users/miki/pico/pico-sdk/lib/lwip/src/core/inet_chksum.c.o
                0x10008608                inet_chksum_pbuf
 .text.mem_init
                0x10008680       0x3c CMakeFiles/picow_ap_class.dir/Users/miki/pico/pico-sdk/lib/lwip/src/core/mem.c.o
                0x10008680                mem_init
 .text.mem_free
                0x100086bc      0x13c CMakeFiles/picow_ap_class.dir/Users/miki/pico/pico-sdk/lib/lwip/src/core/mem.c.o
                0x100086bc                mem_free
 .text.mem_trim
                0x100087f8      0x104 CMakeFiles/picow_ap_class.dir/Users/miki/pico/pico-sdk/lib/lwip/src/core/mem.c.o
                0x100087f8                mem_trim
 .text.mem_malloc
                0x100088fc      0x130 CMakeFiles/picow_ap_class.dir/Users/miki/pico/pico-sdk/lib/lwip/src/core/mem.c.o
                0x100088fc                mem_malloc
 .text.memp_init
                0x10008a2c       0x6c CMakeFiles/picow_ap_class.dir/Users/miki/pico/pico-sdk/lib/lwip/src/core/memp.c.o
                0x10008a2c                memp_init
 .text.memp_malloc
                0x10008a98       0x40 CMakeFiles/picow_ap_class.dir/Users/miki/pico/pico-sdk/lib/lwip/src/core/memp.c.o
                0x10008a98                memp_malloc
 .text.memp_free
                0x10008ad8       0x38 CMakeFiles/picow_ap_class.dir/Users/miki/pico/pico-sdk/lib/lwip/src/core/memp.c.o
                0x10008ad8                memp_free
 .text.netif_null_output_ip4
                0x10008b10        0x8 CMakeFiles/picow_ap_class.dir/Users/miki/pico/pico-sdk/lib/lwip/src/core/netif.c.o
 .text.netif_do_set_ipaddr.isra.0
                0x10008b18       0x70 CMakeFiles/picow_ap_class.dir/Users/miki/pico/pico-sdk/lib/lwip/src/core/netif.c.o
 .text.netif_init
                0x10008b88        0x4 CMakeFiles/picow_ap_class.dir/Users/miki/pico/pico-sdk/lib/lwip/src/core/netif.c.o
                0x10008b88                netif_init
 .text.netif_add
                0x10008b8c      0x174 CMakeFiles/picow_ap_class.dir/Users/miki/pico/pico-sdk/lib/lwip/src/core/netif.c.o
                0x10008b8c                netif_add
 .text.netif_set_addr
                0x10008d00       0xb8 CMakeFiles/picow_ap_class.dir/Users/miki/pico/pico-sdk/lib/lwip/src/core/netif.c.o
                0x10008d00                netif_set_addr
 .text.netif_remove
                0x10008db8       0x94 CMakeFiles/picow_ap_class.dir/Users/miki/pico/pico-sdk/lib/lwip/src/core/netif.c.o
                0x10008db8                netif_remove
 .text.netif_set_default
                0x10008e4c        0xc CMakeFiles/picow_ap_class.dir/Users/miki/pico/pico-sdk/lib/lwip/src/core/netif.c.o
                0x10008e4c                netif_set_default
 .text.netif_set_up
                0x10008e58       0x40 CMakeFiles/picow_ap_class.dir/Users/miki/pico/pico-sdk/lib/lwip/src/core/netif.c.o
                0x10008e58                netif_set_up
 .text.netif_set_link_up
                0x10008e98       0x44 CMakeFiles/picow_ap_class.dir/Users/miki/pico/pico-sdk/lib/lwip/src/core/netif.c.o
                0x10008e98                netif_set_link_up
 .text.netif_set_link_down
                0x10008edc       0x20 CMakeFiles/picow_ap_class.dir/Users/miki/pico/pico-sdk/lib/lwip/src/core/netif.c.o
                0x10008edc                netif_set_link_down
 .text.netif_get_by_index
                0x10008efc       0x2c CMakeFiles/picow_ap_class.dir/Users/miki/pico/pico-sdk/lib/lwip/src/core/netif.c.o
                0x10008efc                netif_get_by_index
 .text.pbuf_free.part.0
                0x10008f28       0x7c CMakeFiles/picow_ap_class.dir/Users/miki/pico/pico-sdk/lib/lwip/src/core/pbuf.c.o
 .text.pbuf_free_ooseq
                0x10008fa4       0x34 CMakeFiles/picow_ap_class.dir/Users/miki/pico/pico-sdk/lib/lwip/src/core/pbuf.c.o
                0x10008fa4                pbuf_free_ooseq
 .text.pbuf_alloc
                0x10008fd8      0x134 CMakeFiles/picow_ap_class.dir/Users/miki/pico/pico-sdk/lib/lwip/src/core/pbuf.c.o
                0x10008fd8                pbuf_alloc
 .text.pbuf_realloc
                0x1000910c       0x84 CMakeFiles/picow_ap_class.dir/Users/miki/pico/pico-sdk/lib/lwip/src/core/pbuf.c.o
                0x1000910c                pbuf_realloc
 .text.pbuf_add_header
                0x10009190       0x54 CMakeFiles/picow_ap_class.dir/Users/miki/pico/pico-sdk/lib/lwip/src/core/pbuf.c.o
                0x10009190                pbuf_add_header
 .text.pbuf_remove_header
                0x100091e4       0x3c CMakeFiles/picow_ap_class.dir/Users/miki/pico/pico-sdk/lib/lwip/src/core/pbuf.c.o
                0x100091e4                pbuf_remove_header
 .text.pbuf_header_force
                0x10009220       0x68 CMakeFiles/picow_ap_class.dir/Users/miki/pico/pico-sdk/lib/lwip/src/core/pbuf.c.o
                0x10009220                pbuf_header_force
 .text.pbuf_free
                0x10009288       0x18 CMakeFiles/picow_ap_class.dir/Users/miki/pico/pico-sdk/lib/lwip/src/core/pbuf.c.o
                0x10009288                pbuf_free
 .text.pbuf_clen
                0x100092a0       0x14 CMakeFiles/picow_ap_class.dir/Users/miki/pico/pico-sdk/lib/lwip/src/core/pbuf.c.o
                0x100092a0                pbuf_clen
 .text.pbuf_ref
                0x100092b4       0x28 CMakeFiles/picow_ap_class.dir/Users/miki/pico/pico-sdk/lib/lwip/src/core/pbuf.c.o
                0x100092b4                pbuf_ref
 .text.pbuf_cat
                0x100092dc       0x44 CMakeFiles/picow_ap_class.dir/Users/miki/pico/pico-sdk/lib/lwip/src/core/pbuf.c.o
                0x100092dc                pbuf_cat
 .text.pbuf_chain
                0x10009320       0x64 CMakeFiles/picow_ap_class.dir/Users/miki/pico/pico-sdk/lib/lwip/src/core/pbuf.c.o
                0x10009320                pbuf_chain
 .text.pbuf_copy_partial_pbuf
                0x10009384      0x158 CMakeFiles/picow_ap_class.dir/Users/miki/pico/pico-sdk/lib/lwip/src/core/pbuf.c.o
                0x10009384                pbuf_copy_partial_pbuf
 .text.pbuf_copy
                0x100094dc       0x18 CMakeFiles/picow_ap_class.dir/Users/miki/pico/pico-sdk/lib/lwip/src/core/pbuf.c.o
                0x100094dc                pbuf_copy
 .text.pbuf_copy_partial
                0x100094f4       0x70 CMakeFiles/picow_ap_class.dir/Users/miki/pico/pico-sdk/lib/lwip/src/core/pbuf.c.o
                0x100094f4                pbuf_copy_partial
 .text.pbuf_take
                0x10009564       0x78 CMakeFiles/picow_ap_class.dir/Users/miki/pico/pico-sdk/lib/lwip/src/core/pbuf.c.o
                0x10009564                pbuf_take
 .text.pbuf_take_at
                0x100095dc       0xc0 CMakeFiles/picow_ap_class.dir/Users/miki/pico/pico-sdk/lib/lwip/src/core/pbuf.c.o
                0x100095dc                pbuf_take_at
 .text.pbuf_clone
                0x1000969c       0x30 CMakeFiles/picow_ap_class.dir/Users/miki/pico/pico-sdk/lib/lwip/src/core/pbuf.c.o
                0x1000969c                pbuf_clone
 .text.pbuf_put_at
                0x100096cc       0x1c CMakeFiles/picow_ap_class.dir/Users/miki/pico/pico-sdk/lib/lwip/src/core/pbuf.c.o
                0x100096cc                pbuf_put_at
 .text.raw_input
                0x100096e8      0x164 CMakeFiles/picow_ap_class.dir/Users/miki/pico/pico-sdk/lib/lwip/src/core/raw.c.o
                0x100096e8                raw_input
 .text.raw_netif_ip_addr_changed
                0x1000984c       0x40 CMakeFiles/picow_ap_class.dir/Users/miki/pico/pico-sdk/lib/lwip/src/core/raw.c.o
                0x1000984c                raw_netif_ip_addr_changed
 .text.stats_init
                0x1000988c        0x4 CMakeFiles/picow_ap_class.dir/Users/miki/pico/pico-sdk/lib/lwip/src/core/stats.c.o
                0x1000988c                stats_init
 .text.tcp_close_shutdown_fin
                0x10009890       0x54 CMakeFiles/picow_ap_class.dir/Users/miki/pico/pico-sdk/lib/lwip/src/core/tcp.c.o
 .text.tcp_pcb_purge.part.0
                0x100098e4       0xc4 CMakeFiles/picow_ap_class.dir/Users/miki/pico/pico-sdk/lib/lwip/src/core/tcp.c.o
 .text.tcp_init
                0x100099a8       0x20 CMakeFiles/picow_ap_class.dir/Users/miki/pico/pico-sdk/lib/lwip/src/core/tcp.c.o
                0x100099a8                tcp_init
 .text.tcp_free
                0x100099c8       0x1c CMakeFiles/picow_ap_class.dir/Users/miki/pico/pico-sdk/lib/lwip/src/core/tcp.c.o
                0x100099c8                tcp_free
 .text.tcp_bind
                0x100099e4       0xf4 CMakeFiles/picow_ap_class.dir/Users/miki/pico/pico-sdk/lib/lwip/src/core/tcp.c.o
                0x100099e4                tcp_bind
 .text.tcp_listen_with_backlog
                0x10009ad8       0x98 CMakeFiles/picow_ap_class.dir/Users/miki/pico/pico-sdk/lib/lwip/src/core/tcp.c.o
                0x10009ad8                tcp_listen_with_backlog
 .text.tcp_update_rcv_ann_wnd
                0x10009b70       0x58 CMakeFiles/picow_ap_class.dir/Users/miki/pico/pico-sdk/lib/lwip/src/core/tcp.c.o
                0x10009b70                tcp_update_rcv_ann_wnd
 .text.tcp_recved
                0x10009bc8       0x98 CMakeFiles/picow_ap_class.dir/Users/miki/pico/pico-sdk/lib/lwip/src/core/tcp.c.o
                0x10009bc8                tcp_recved
 .text.tcp_slowtmr
                0x10009c60      0x514 CMakeFiles/picow_ap_class.dir/Users/miki/pico/pico-sdk/lib/lwip/src/core/tcp.c.o
                0x10009c60                tcp_slowtmr
 .text.tcp_segs_free
                0x1000a174       0x38 CMakeFiles/picow_ap_class.dir/Users/miki/pico/pico-sdk/lib/lwip/src/core/tcp.c.o
                0x1000a174                tcp_segs_free
 .text.tcp_seg_free
                0x1000a1ac       0x1c CMakeFiles/picow_ap_class.dir/Users/miki/pico/pico-sdk/lib/lwip/src/core/tcp.c.o
                0x1000a1ac                tcp_seg_free
 .text.tcp_seg_copy
                0x1000a1c8       0x2c CMakeFiles/picow_ap_class.dir/Users/miki/pico/pico-sdk/lib/lwip/src/core/tcp.c.o
                0x1000a1c8                tcp_seg_copy
 .text.tcp_arg  0x1000a1f4        0x8 CMakeFiles/picow_ap_class.dir/Users/miki/pico/pico-sdk/lib/lwip/src/core/tcp.c.o
                0x1000a1f4                tcp_arg
 .text.tcp_recv
                0x1000a1fc       0x1c CMakeFiles/picow_ap_class.dir/Users/miki/pico/pico-sdk/lib/lwip/src/core/tcp.c.o
                0x1000a1fc                tcp_recv
 .text.tcp_sent
                0x1000a218       0x1c CMakeFiles/picow_ap_class.dir/Users/miki/pico/pico-sdk/lib/lwip/src/core/tcp.c.o
                0x1000a218                tcp_sent
 .text.tcp_err  0x1000a234       0x1c CMakeFiles/picow_ap_class.dir/Users/miki/pico/pico-sdk/lib/lwip/src/core/tcp.c.o
                0x1000a234                tcp_err
 .text.tcp_accept
                0x1000a250       0x10 CMakeFiles/picow_ap_class.dir/Users/miki/pico/pico-sdk/lib/lwip/src/core/tcp.c.o
                0x1000a250                tcp_accept
 .text.tcp_poll
                0x1000a260       0x20 CMakeFiles/picow_ap_class.dir/Users/miki/pico/pico-sdk/lib/lwip/src/core/tcp.c.o
                0x1000a260                tcp_poll
 .text.tcp_pcb_purge
                0x1000a280       0x18 CMakeFiles/picow_ap_class.dir/Users/miki/pico/pico-sdk/lib/lwip/src/core/tcp.c.o
                0x1000a280                tcp_pcb_purge
 .text.tcp_pcb_remove
                0x1000a298       0xc8 CMakeFiles/picow_ap_class.dir/Users/miki/pico/pico-sdk/lib/lwip/src/core/tcp.c.o
                0x1000a298                tcp_pcb_remove
 .text.tcp_abandon
                0x1000a360      0x1a0 CMakeFiles/picow_ap_class.dir/Users/miki/pico/pico-sdk/lib/lwip/src/core/tcp.c.o
                0x1000a360                tcp_abandon
 .text.tcp_abort
                0x1000a500        0xc CMakeFiles/picow_ap_class.dir/Users/miki/pico/pico-sdk/lib/lwip/src/core/tcp.c.o
                0x1000a500                tcp_abort
 .text.tcp_accept_null
                0x1000a50c       0x20 CMakeFiles/picow_ap_class.dir/Users/miki/pico/pico-sdk/lib/lwip/src/core/tcp.c.o
 .text.tcp_alloc
                0x1000a52c      0x1d4 CMakeFiles/picow_ap_class.dir/Users/miki/pico/pico-sdk/lib/lwip/src/core/tcp.c.o
                0x1000a52c                tcp_alloc
 .text.tcp_new_ip_type
                0x1000a700        0xc CMakeFiles/picow_ap_class.dir/Users/miki/pico/pico-sdk/lib/lwip/src/core/tcp.c.o
                0x1000a700                tcp_new_ip_type
 .text.tcp_close_shutdown
                0x1000a70c      0x188 CMakeFiles/picow_ap_class.dir/Users/miki/pico/pico-sdk/lib/lwip/src/core/tcp.c.o
 .text.tcp_recv_null
                0x1000a894       0xcc CMakeFiles/picow_ap_class.dir/Users/miki/pico/pico-sdk/lib/lwip/src/core/tcp.c.o
                0x1000a894                tcp_recv_null
 .text.tcp_process_refused_data
                0x1000a960       0x78 CMakeFiles/picow_ap_class.dir/Users/miki/pico/pico-sdk/lib/lwip/src/core/tcp.c.o
                0x1000a960                tcp_process_refused_data
 .text.tcp_fasttmr
                0x1000a9d8       0x98 CMakeFiles/picow_ap_class.dir/Users/miki/pico/pico-sdk/lib/lwip/src/core/tcp.c.o
                0x1000a9d8                tcp_fasttmr
 .text.tcp_tmr  0x1000aa70       0x20 CMakeFiles/picow_ap_class.dir/Users/miki/pico/pico-sdk/lib/lwip/src/core/tcp.c.o
                0x1000aa70                tcp_tmr
 .text.tcp_close
                0x1000aa90      0x170 CMakeFiles/picow_ap_class.dir/Users/miki/pico/pico-sdk/lib/lwip/src/core/tcp.c.o
                0x1000aa90                tcp_close
 .text.tcp_next_iss
                0x1000ac00       0x28 CMakeFiles/picow_ap_class.dir/Users/miki/pico/pico-sdk/lib/lwip/src/core/tcp.c.o
                0x1000ac00                tcp_next_iss
 .text.tcp_eff_send_mss_netif
                0x1000ac28       0x34 CMakeFiles/picow_ap_class.dir/Users/miki/pico/pico-sdk/lib/lwip/src/core/tcp.c.o
                0x1000ac28                tcp_eff_send_mss_netif
 .text.tcp_netif_ip_addr_changed
                0x1000ac5c       0x94 CMakeFiles/picow_ap_class.dir/Users/miki/pico/pico-sdk/lib/lwip/src/core/tcp.c.o
                0x1000ac5c                tcp_netif_ip_addr_changed
 .text.tcp_free_ooseq
                0x1000acf0       0x40 CMakeFiles/picow_ap_class.dir/Users/miki/pico/pico-sdk/lib/lwip/src/core/tcp.c.o
                0x1000acf0                tcp_free_ooseq
 .text.tcp_parseopt
                0x1000ad30      0x1b0 CMakeFiles/picow_ap_class.dir/Users/miki/pico/pico-sdk/lib/lwip/src/core/tcp_in.c.o
 .text.tcp_oos_insert_segment
                0x1000aee0       0xcc CMakeFiles/picow_ap_class.dir/Users/miki/pico/pico-sdk/lib/lwip/src/core/tcp_in.c.o
 .text.tcp_free_acked_segments.isra.0
                0x1000afac       0xdc CMakeFiles/picow_ap_class.dir/Users/miki/pico/pico-sdk/lib/lwip/src/core/tcp_in.c.o
 .text.tcp_receive
                0x1000b088      0xa2c CMakeFiles/picow_ap_class.dir/Users/miki/pico/pico-sdk/lib/lwip/src/core/tcp_in.c.o
 .text.tcp_input
                0x1000bab4      0xe3c CMakeFiles/picow_ap_class.dir/Users/miki/pico/pico-sdk/lib/lwip/src/core/tcp_in.c.o
                0x1000bab4                tcp_input
 .text.tcp_trigger_input_pcb_close
                0x1000c8f0       0x10 CMakeFiles/picow_ap_class.dir/Users/miki/pico/pico-sdk/lib/lwip/src/core/tcp_in.c.o
                0x1000c8f0                tcp_trigger_input_pcb_close
 .text.tcp_create_segment
                0x1000c900       0xe8 CMakeFiles/picow_ap_class.dir/Users/miki/pico/pico-sdk/lib/lwip/src/core/tcp_out.c.o
 .text.tcp_output_control_segment
                0x1000c9e8       0xb4 CMakeFiles/picow_ap_class.dir/Users/miki/pico/pico-sdk/lib/lwip/src/core/tcp_out.c.o
 .text.tcp_write
                0x1000ca9c      0x470 CMakeFiles/picow_ap_class.dir/Users/miki/pico/pico-sdk/lib/lwip/src/core/tcp_out.c.o
                0x1000ca9c                tcp_write
 .text.tcp_split_unsent_seg
                0x1000cf0c      0x1b4 CMakeFiles/picow_ap_class.dir/Users/miki/pico/pico-sdk/lib/lwip/src/core/tcp_out.c.o
                0x1000cf0c                tcp_split_unsent_seg
 .text.tcp_send_fin
                0x1000d0c0      0x118 CMakeFiles/picow_ap_class.dir/Users/miki/pico/pico-sdk/lib/lwip/src/core/tcp_out.c.o
                0x1000d0c0                tcp_send_fin
 .text.tcp_enqueue_flags
                0x1000d1d8      0x12c CMakeFiles/picow_ap_class.dir/Users/miki/pico/pico-sdk/lib/lwip/src/core/tcp_out.c.o
                0x1000d1d8                tcp_enqueue_flags
 .text.tcp_rexmit_rto_prepare
                0x1000d304       0x9c CMakeFiles/picow_ap_class.dir/Users/miki/pico/pico-sdk/lib/lwip/src/core/tcp_out.c.o
                0x1000d304                tcp_rexmit_rto_prepare
 .text.tcp_rexmit
                0x1000d3a0       0x9c CMakeFiles/picow_ap_class.dir/Users/miki/pico/pico-sdk/lib/lwip/src/core/tcp_out.c.o
                0x1000d3a0                tcp_rexmit
 .text.tcp_rexmit_fast
                0x1000d43c       0x64 CMakeFiles/picow_ap_class.dir/Users/miki/pico/pico-sdk/lib/lwip/src/core/tcp_out.c.o
                0x1000d43c                tcp_rexmit_fast
 .text.tcp_rst  0x1000d4a0       0xe8 CMakeFiles/picow_ap_class.dir/Users/miki/pico/pico-sdk/lib/lwip/src/core/tcp_out.c.o
                0x1000d4a0                tcp_rst
 .text.tcp_rst_netif
                0x1000d588      0x130 CMakeFiles/picow_ap_class.dir/Users/miki/pico/pico-sdk/lib/lwip/src/core/tcp_out.c.o
                0x1000d588                tcp_rst_netif
 .text.tcp_send_empty_ack
                0x1000d6b8       0xf0 CMakeFiles/picow_ap_class.dir/Users/miki/pico/pico-sdk/lib/lwip/src/core/tcp_out.c.o
                0x1000d6b8                tcp_send_empty_ack
 .text.tcp_output
                0x1000d7a8      0x44c CMakeFiles/picow_ap_class.dir/Users/miki/pico/pico-sdk/lib/lwip/src/core/tcp_out.c.o
                0x1000d7a8                tcp_output
 .text.tcp_rexmit_rto_commit
                0x1000dbf4       0x24 CMakeFiles/picow_ap_class.dir/Users/miki/pico/pico-sdk/lib/lwip/src/core/tcp_out.c.o
                0x1000dbf4                tcp_rexmit_rto_commit
 .text.tcp_rexmit_rto
                0x1000dc18       0xa4 CMakeFiles/picow_ap_class.dir/Users/miki/pico/pico-sdk/lib/lwip/src/core/tcp_out.c.o
                0x1000dc18                tcp_rexmit_rto
 .text.tcp_keepalive
                0x1000dcbc       0xdc CMakeFiles/picow_ap_class.dir/Users/miki/pico/pico-sdk/lib/lwip/src/core/tcp_out.c.o
                0x1000dcbc                tcp_keepalive
 .text.tcp_zero_window_probe
                0x1000dd98      0x1a8 CMakeFiles/picow_ap_class.dir/Users/miki/pico/pico-sdk/lib/lwip/src/core/tcp_out.c.o
                0x1000dd98                tcp_zero_window_probe
 .text.tcpip_tcp_timer
                0x1000df40       0x78 CMakeFiles/picow_ap_class.dir/Users/miki/pico/pico-sdk/lib/lwip/src/core/timeouts.c.o
 .text.lwip_cyclic_timer
                0x1000dfb8       0x98 CMakeFiles/picow_ap_class.dir/Users/miki/pico/pico-sdk/lib/lwip/src/core/timeouts.c.o
 .text.tcp_timer_needed
                0x1000e050       0x7c CMakeFiles/picow_ap_class.dir/Users/miki/pico/pico-sdk/lib/lwip/src/core/timeouts.c.o
                0x1000e050                tcp_timer_needed
 .text.sys_timeouts_init
                0x1000e0cc       0x8c CMakeFiles/picow_ap_class.dir/Users/miki/pico/pico-sdk/lib/lwip/src/core/timeouts.c.o
                0x1000e0cc                sys_timeouts_init
 .text.sys_check_timeouts
                0x1000e158       0x68 CMakeFiles/picow_ap_class.dir/Users/miki/pico/pico-sdk/lib/lwip/src/core/timeouts.c.o
                0x1000e158                sys_check_timeouts
 .text.sys_timeouts_sleeptime
                0x1000e1c0       0x28 CMakeFiles/picow_ap_class.dir/Users/miki/pico/pico-sdk/lib/lwip/src/core/timeouts.c.o
                0x1000e1c0                sys_timeouts_sleeptime
 .text.udp_init
                0x1000e1e8       0x20 CMakeFiles/picow_ap_class.dir/Users/miki/pico/pico-sdk/lib/lwip/src/core/udp.c.o
                0x1000e1e8                udp_init
 .text.udp_input
                0x1000e208      0x330 CMakeFiles/picow_ap_class.dir/Users/miki/pico/pico-sdk/lib/lwip/src/core/udp.c.o
                0x1000e208                udp_input
 .text.udp_bind
                0x1000e538       0xf0 CMakeFiles/picow_ap_class.dir/Users/miki/pico/pico-sdk/lib/lwip/src/core/udp.c.o
                0x1000e538                udp_bind
 .text.udp_sendto_if_src
                0x1000e628      0x130 CMakeFiles/picow_ap_class.dir/Users/miki/pico/pico-sdk/lib/lwip/src/core/udp.c.o
                0x1000e628                udp_sendto_if_src
 .text.udp_sendto_if
                0x1000e758       0x48 CMakeFiles/picow_ap_class.dir/Users/miki/pico/pico-sdk/lib/lwip/src/core/udp.c.o
                0x1000e758                udp_sendto_if
 .text.udp_sendto
                0x1000e7a0       0x78 CMakeFiles/picow_ap_class.dir/Users/miki/pico/pico-sdk/lib/lwip/src/core/udp.c.o
                0x1000e7a0                udp_sendto
 .text.udp_connect
                0x1000e818       0x5c CMakeFiles/picow_ap_class.dir/Users/miki/pico/pico-sdk/lib/lwip/src/core/udp.c.o
                0x1000e818                udp_connect
 .text.udp_recv
                0x1000e874        0xc CMakeFiles/picow_ap_class.dir/Users/miki/pico/pico-sdk/lib/lwip/src/core/udp.c.o
                0x1000e874                udp_recv
 .text.udp_remove
                0x1000e880       0x3c CMakeFiles/picow_ap_class.dir/Users/miki/pico/pico-sdk/lib/lwip/src/core/udp.c.o
                0x1000e880                udp_remove
 .text.udp_new  0x1000e8bc       0x1c CMakeFiles/picow_ap_class.dir/Users/miki/pico/pico-sdk/lib/lwip/src/core/udp.c.o
                0x1000e8bc                udp_new
 .text.udp_netif_ip_addr_changed
                0x1000e8d8       0x40 CMakeFiles/picow_ap_class.dir/Users/miki/pico/pico-sdk/lib/lwip/src/core/udp.c.o
                0x1000e8d8                udp_netif_ip_addr_changed
 .text.dhcp_create_msg
                0x1000e918      0x160 CMakeFiles/picow_ap_class.dir/Users/miki/pico/pico-sdk/lib/lwip/src/core/ipv4/dhcp.c.o
 .text.dhcp_inc_pcb_refcount
                0x1000ea78       0x6c CMakeFiles/picow_ap_class.dir/Users/miki/pico/pico-sdk/lib/lwip/src/core/ipv4/dhcp.c.o
 .text.dhcp_bind
                0x1000eae4      0x144 CMakeFiles/picow_ap_class.dir/Users/miki/pico/pico-sdk/lib/lwip/src/core/ipv4/dhcp.c.o
 .text.dhcp_option_hostname.isra.0
                0x1000ec28       0x74 CMakeFiles/picow_ap_class.dir/Users/miki/pico/pico-sdk/lib/lwip/src/core/ipv4/dhcp.c.o
 .text.dhcp_handle_ack.isra.0
                0x1000ec9c       0xcc CMakeFiles/picow_ap_class.dir/Users/miki/pico/pico-sdk/lib/lwip/src/core/ipv4/dhcp.c.o
 .text.dhcp_reboot.isra.0
                0x1000ed68      0x17c CMakeFiles/picow_ap_class.dir/Users/miki/pico/pico-sdk/lib/lwip/src/core/ipv4/dhcp.c.o
 .text.dhcp_discover.isra.0
                0x1000eee4      0x138 CMakeFiles/picow_ap_class.dir/Users/miki/pico/pico-sdk/lib/lwip/src/core/ipv4/dhcp.c.o
 .text.dhcp_select.isra.0
                0x1000f01c      0x1e0 CMakeFiles/picow_ap_class.dir/Users/miki/pico/pico-sdk/lib/lwip/src/core/ipv4/dhcp.c.o
 .text.dhcp_recv
                0x1000f1fc      0x4a8 CMakeFiles/picow_ap_class.dir/Users/miki/pico/pico-sdk/lib/lwip/src/core/ipv4/dhcp.c.o
 .text.dhcp_set_struct
                0x1000f6a4       0x44 CMakeFiles/picow_ap_class.dir/Users/miki/pico/pico-sdk/lib/lwip/src/core/ipv4/dhcp.c.o
                0x1000f6a4                dhcp_set_struct
 .text.dhcp_start
                0x1000f6e8       0xa8 CMakeFiles/picow_ap_class.dir/Users/miki/pico/pico-sdk/lib/lwip/src/core/ipv4/dhcp.c.o
                0x1000f6e8                dhcp_start
 .text.dhcp_network_changed_link_up
                0x1000f790       0x40 CMakeFiles/picow_ap_class.dir/Users/miki/pico/pico-sdk/lib/lwip/src/core/ipv4/dhcp.c.o
                0x1000f790                dhcp_network_changed_link_up
 .text.dhcp_renew
                0x1000f7d0      0x13c CMakeFiles/picow_ap_class.dir/Users/miki/pico/pico-sdk/lib/lwip/src/core/ipv4/dhcp.c.o
                0x1000f7d0                dhcp_renew
 .text.dhcp_release_and_stop
                0x1000f90c      0x158 CMakeFiles/picow_ap_class.dir/Users/miki/pico/pico-sdk/lib/lwip/src/core/ipv4/dhcp.c.o
                0x1000f90c                dhcp_release_and_stop
 .text.dhcp_coarse_tmr
                0x1000fa64      0x1e0 CMakeFiles/picow_ap_class.dir/Users/miki/pico/pico-sdk/lib/lwip/src/core/ipv4/dhcp.c.o
                0x1000fa64                dhcp_coarse_tmr
 .text.dhcp_fine_tmr
                0x1000fc44       0x78 CMakeFiles/picow_ap_class.dir/Users/miki/pico/pico-sdk/lib/lwip/src/core/ipv4/dhcp.c.o
                0x1000fc44                dhcp_fine_tmr
 .text.dhcp_stop
                0x1000fcbc      0x158 CMakeFiles/picow_ap_class.dir/Users/miki/pico/pico-sdk/lib/lwip/src/core/ipv4/dhcp.c.o
                0x1000fcbc                dhcp_stop
 .text.etharp_find_entry
                0x1000fe14      0x3a0 CMakeFiles/picow_ap_class.dir/Users/miki/pico/pico-sdk/lib/lwip/src/core/ipv4/etharp.c.o
 .text.etharp_raw
                0x100101b4       0xec CMakeFiles/picow_ap_class.dir/Users/miki/pico/pico-sdk/lib/lwip/src/core/ipv4/etharp.c.o
 .text.etharp_output_to_arp_index
                0x100102a0       0xd0 CMakeFiles/picow_ap_class.dir/Users/miki/pico/pico-sdk/lib/lwip/src/core/ipv4/etharp.c.o
 .text.etharp_tmr
                0x10010370       0x94 CMakeFiles/picow_ap_class.dir/Users/miki/pico/pico-sdk/lib/lwip/src/core/ipv4/etharp.c.o
                0x10010370                etharp_tmr
 .text.etharp_cleanup_netif
                0x10010404      0x188 CMakeFiles/picow_ap_class.dir/Users/miki/pico/pico-sdk/lib/lwip/src/core/ipv4/etharp.c.o
                0x10010404                etharp_cleanup_netif
 .text.etharp_input
                0x1001058c      0x1b8 CMakeFiles/picow_ap_class.dir/Users/miki/pico/pico-sdk/lib/lwip/src/core/ipv4/etharp.c.o
                0x1001058c                etharp_input
 .text.etharp_query
                0x10010744      0x190 CMakeFiles/picow_ap_class.dir/Users/miki/pico/pico-sdk/lib/lwip/src/core/ipv4/etharp.c.o
                0x10010744                etharp_query
 .text.etharp_output
                0x100108d4      0x24c CMakeFiles/picow_ap_class.dir/Users/miki/pico/pico-sdk/lib/lwip/src/core/ipv4/etharp.c.o
                0x100108d4                etharp_output
 .text.etharp_request
                0x10010b20       0x2c CMakeFiles/picow_ap_class.dir/Users/miki/pico/pico-sdk/lib/lwip/src/core/ipv4/etharp.c.o
                0x10010b20                etharp_request
 .text.icmp_input
                0x10010b4c      0x1ec CMakeFiles/picow_ap_class.dir/Users/miki/pico/pico-sdk/lib/lwip/src/core/ipv4/icmp.c.o
                0x10010b4c                icmp_input
 .text.icmp_dest_unreach
                0x10010d38       0xcc CMakeFiles/picow_ap_class.dir/Users/miki/pico/pico-sdk/lib/lwip/src/core/ipv4/icmp.c.o
                0x10010d38                icmp_dest_unreach
 .text.icmp_time_exceeded
                0x10010e04       0xcc CMakeFiles/picow_ap_class.dir/Users/miki/pico/pico-sdk/lib/lwip/src/core/ipv4/icmp.c.o
                0x10010e04                icmp_time_exceeded
 .text.ip_reass_free_complete_datagram
                0x10010ed0      0x11c CMakeFiles/picow_ap_class.dir/Users/miki/pico/pico-sdk/lib/lwip/src/core/ipv4/ip4_frag.c.o
 .text.ip_reass_remove_oldest_datagram
                0x10010fec      0x124 CMakeFiles/picow_ap_class.dir/Users/miki/pico/pico-sdk/lib/lwip/src/core/ipv4/ip4_frag.c.o
 .text.ip_reass_tmr
                0x10011110       0x30 CMakeFiles/picow_ap_class.dir/Users/miki/pico/pico-sdk/lib/lwip/src/core/ipv4/ip4_frag.c.o
                0x10011110                ip_reass_tmr
 .text.ip4_reass
                0x10011140      0x544 CMakeFiles/picow_ap_class.dir/Users/miki/pico/pico-sdk/lib/lwip/src/core/ipv4/ip4_frag.c.o
                0x10011140                ip4_reass
 .text.ip4_frag
                0x10011684      0x254 CMakeFiles/picow_ap_class.dir/Users/miki/pico/pico-sdk/lib/lwip/src/core/ipv4/ip4_frag.c.o
                0x10011684                ip4_frag
 .text.ip4_route
                0x100118d8       0x7c CMakeFiles/picow_ap_class.dir/Users/miki/pico/pico-sdk/lib/lwip/src/core/ipv4/ip4.c.o
                0x100118d8                ip4_route
 .text.ip4_input
                0x10011954      0x300 CMakeFiles/picow_ap_class.dir/Users/miki/pico/pico-sdk/lib/lwip/src/core/ipv4/ip4.c.o
                0x10011954                ip4_input
 .text.ip4_output_if
                0x10011c54      0x190 CMakeFiles/picow_ap_class.dir/Users/miki/pico/pico-sdk/lib/lwip/src/core/ipv4/ip4.c.o
                0x10011c54                ip4_output_if
 .text.ip4_output_if_src
                0x10011de4      0x184 CMakeFiles/picow_ap_class.dir/Users/miki/pico/pico-sdk/lib/lwip/src/core/ipv4/ip4.c.o
                0x10011de4                ip4_output_if_src
 .text.ip4_addr_isbroadcast_u32
                0x10011f68       0x3c CMakeFiles/picow_ap_class.dir/Users/miki/pico/pico-sdk/lib/lwip/src/core/ipv4/ip4_addr.c.o
                0x10011f68                ip4_addr_isbroadcast_u32
 .text.ethernet_input
                0x10011fa4       0xd0 CMakeFiles/picow_ap_class.dir/Users/miki/pico/pico-sdk/lib/lwip/src/netif/ethernet.c.o
                0x10011fa4                ethernet_input
 .text.ethernet_output
                0x10012074       0x6c CMakeFiles/picow_ap_class.dir/Users/miki/pico/pico-sdk/lib/lwip/src/netif/ethernet.c.o
                0x10012074                ethernet_output
 .text.cyw43_arch_set_async_context
                0x100120e0        0xc CMakeFiles/picow_ap_class.dir/Users/miki/pico/pico-sdk/src/rp2_common/pico_cyw43_arch/cyw43_arch.c.o
                0x100120e0                cyw43_arch_set_async_context
 .text.cyw43_arch_enable_ap_mode
                0x100120ec       0x7c CMakeFiles/picow_ap_class.dir/Users/miki/pico/pico-sdk/src/rp2_common/pico_cyw43_arch/cyw43_arch.c.o
                0x100120ec                cyw43_arch_enable_ap_mode
 .text.cyw43_arch_async_context
                0x10012168        0xc CMakeFiles/picow_ap_class.dir/Users/miki/pico/pico-sdk/src/rp2_common/pico_cyw43_arch/cyw43_arch.c.o
                0x10012168                cyw43_arch_async_context
 .text.cyw43_arch_init
                0x10012174       0x74 CMakeFiles/picow_ap_class.dir/Users/miki/pico/pico-sdk/src/rp2_common/pico_cyw43_arch/cyw43_arch_threadsafe_background.c.o
                0x10012174                cyw43_arch_init
 .text.cyw43_arch_deinit
                0x100121e8       0x30 CMakeFiles/picow_ap_class.dir/Users/miki/pico/pico-sdk/src/rp2_common/pico_cyw43_arch/cyw43_arch_threadsafe_background.c.o
                0x100121e8                cyw43_arch_deinit
 .text.ns_delay.constprop.0
                0x10012218       0x20 CMakeFiles/picow_ap_class.dir/Users/miki/pico/pico-sdk/src/rp2_common/pico_cyw43_driver/cyw43_bus_pio_spi.c.o
 .text.cyw43_spi_deinit
                0x10012238       0x6c CMakeFiles/picow_ap_class.dir/Users/miki/pico/pico-sdk/src/rp2_common/pico_cyw43_driver/cyw43_bus_pio_spi.c.o
                0x10012238                cyw43_spi_deinit
 .text.cyw43_spi_init